Archive member included to satisfy reference by file (symbol)

C:/ST/STM32CubeIDE_2.2.0/STM32CubeIDE/plugins/com.st.stm32cube.ide.mcu.externaltools.gnu-tools-for-stm32.14.3.rel1.win32_1.0.100.202602081740/tools/bin/../lib/gcc/arm-none-eabi/14.3.1/../../../../arm-none-eabi/lib/thumb/v7e-m+dp/hard\libc_nano.a(libc_a-exit.o)
                              C:/ST/STM32CubeIDE_2.2.0/STM32CubeIDE/plugins/com.st.stm32cube.ide.mcu.externaltools.gnu-tools-for-stm32.14.3.rel1.win32_1.0.100.202602081740/tools/bin/../lib/gcc/arm-none-eabi/14.3.1/../../../../arm-none-eabi/lib/thumb/v7e-m+dp/hard/crt0.o (exit)
C:/ST/STM32CubeIDE_2.2.0/STM32CubeIDE/plugins/com.st.stm32cube.ide.mcu.externaltools.gnu-tools-for-stm32.14.3.rel1.win32_1.0.100.202602081740/tools/bin/../lib/gcc/arm-none-eabi/14.3.1/../../../../arm-none-eabi/lib/thumb/v7e-m+dp/hard\libc_nano.a(libc_a-findfp.o)
                              C:/ST/STM32CubeIDE_2.2.0/STM32CubeIDE/plugins/com.st.stm32cube.ide.mcu.externaltools.gnu-tools-for-stm32.14.3.rel1.win32_1.0.100.202602081740/tools/bin/../lib/gcc/arm-none-eabi/14.3.1/../../../../arm-none-eabi/lib/thumb/v7e-m+dp/hard\libc_nano.a(libc_a-exit.o) (__stdio_exit_handler)
C:/ST/STM32CubeIDE_2.2.0/STM32CubeIDE/plugins/com.st.stm32cube.ide.mcu.externaltools.gnu-tools-for-stm32.14.3.rel1.win32_1.0.100.202602081740/tools/bin/../lib/gcc/arm-none-eabi/14.3.1/../../../../arm-none-eabi/lib/thumb/v7e-m+dp/hard\libc_nano.a(libc_a-fwalk.o)
                              C:/ST/STM32CubeIDE_2.2.0/STM32CubeIDE/plugins/com.st.stm32cube.ide.mcu.externaltools.gnu-tools-for-stm32.14.3.rel1.win32_1.0.100.202602081740/tools/bin/../lib/gcc/arm-none-eabi/14.3.1/../../../../arm-none-eabi/lib/thumb/v7e-m+dp/hard\libc_nano.a(libc_a-findfp.o) (_fwalk_sglue)
C:/ST/STM32CubeIDE_2.2.0/STM32CubeIDE/plugins/com.st.stm32cube.ide.mcu.externaltools.gnu-tools-for-stm32.14.3.rel1.win32_1.0.100.202602081740/tools/bin/../lib/gcc/arm-none-eabi/14.3.1/../../../../arm-none-eabi/lib/thumb/v7e-m+dp/hard\libc_nano.a(libc_a-stdio.o)
                              C:/ST/STM32CubeIDE_2.2.0/STM32CubeIDE/plugins/com.st.stm32cube.ide.mcu.externaltools.gnu-tools-for-stm32.14.3.rel1.win32_1.0.100.202602081740/tools/bin/../lib/gcc/arm-none-eabi/14.3.1/../../../../arm-none-eabi/lib/thumb/v7e-m+dp/hard\libc_nano.a(libc_a-findfp.o) (__sread)
C:/ST/STM32CubeIDE_2.2.0/STM32CubeIDE/plugins/com.st.stm32cube.ide.mcu.externaltools.gnu-tools-for-stm32.14.3.rel1.win32_1.0.100.202602081740/tools/bin/../lib/gcc/arm-none-eabi/14.3.1/../../../../arm-none-eabi/lib/thumb/v7e-m+dp/hard\libc_nano.a(libc_a-memset.o)
                              C:/ST/STM32CubeIDE_2.2.0/STM32CubeIDE/plugins/com.st.stm32cube.ide.mcu.externaltools.gnu-tools-for-stm32.14.3.rel1.win32_1.0.100.202602081740/tools/bin/../lib/gcc/arm-none-eabi/14.3.1/../../../../arm-none-eabi/lib/thumb/v7e-m+dp/hard/crt0.o (memset)
C:/ST/STM32CubeIDE_2.2.0/STM32CubeIDE/plugins/com.st.stm32cube.ide.mcu.externaltools.gnu-tools-for-stm32.14.3.rel1.win32_1.0.100.202602081740/tools/bin/../lib/gcc/arm-none-eabi/14.3.1/../../../../arm-none-eabi/lib/thumb/v7e-m+dp/hard\libc_nano.a(libc_a-closer.o)
                              C:/ST/STM32CubeIDE_2.2.0/STM32CubeIDE/plugins/com.st.stm32cube.ide.mcu.externaltools.gnu-tools-for-stm32.14.3.rel1.win32_1.0.100.202602081740/tools/bin/../lib/gcc/arm-none-eabi/14.3.1/../../../../arm-none-eabi/lib/thumb/v7e-m+dp/hard\libc_nano.a(libc_a-stdio.o) (_close_r)
C:/ST/STM32CubeIDE_2.2.0/STM32CubeIDE/plugins/com.st.stm32cube.ide.mcu.externaltools.gnu-tools-for-stm32.14.3.rel1.win32_1.0.100.202602081740/tools/bin/../lib/gcc/arm-none-eabi/14.3.1/../../../../arm-none-eabi/lib/thumb/v7e-m+dp/hard\libc_nano.a(libc_a-reent.o)
                              C:/ST/STM32CubeIDE_2.2.0/STM32CubeIDE/plugins/com.st.stm32cube.ide.mcu.externaltools.gnu-tools-for-stm32.14.3.rel1.win32_1.0.100.202602081740/tools/bin/../lib/gcc/arm-none-eabi/14.3.1/../../../../arm-none-eabi/lib/thumb/v7e-m+dp/hard\libc_nano.a(libc_a-closer.o) (errno)
C:/ST/STM32CubeIDE_2.2.0/STM32CubeIDE/plugins/com.st.stm32cube.ide.mcu.externaltools.gnu-tools-for-stm32.14.3.rel1.win32_1.0.100.202602081740/tools/bin/../lib/gcc/arm-none-eabi/14.3.1/../../../../arm-none-eabi/lib/thumb/v7e-m+dp/hard\libc_nano.a(libc_a-impure.o)
                              C:/ST/STM32CubeIDE_2.2.0/STM32CubeIDE/plugins/com.st.stm32cube.ide.mcu.externaltools.gnu-tools-for-stm32.14.3.rel1.win32_1.0.100.202602081740/tools/bin/../lib/gcc/arm-none-eabi/14.3.1/../../../../arm-none-eabi/lib/thumb/v7e-m+dp/hard\libc_nano.a(libc_a-reent.o) (_impure_ptr)
C:/ST/STM32CubeIDE_2.2.0/STM32CubeIDE/plugins/com.st.stm32cube.ide.mcu.externaltools.gnu-tools-for-stm32.14.3.rel1.win32_1.0.100.202602081740/tools/bin/../lib/gcc/arm-none-eabi/14.3.1/../../../../arm-none-eabi/lib/thumb/v7e-m+dp/hard\libc_nano.a(libc_a-lseekr.o)
[...]
Memory Configuration

Name             Origin             Length             Attributes
ITCMRAM          0x00000000         0x00010000         xrw
DTCMRAM          0x20000000         0x00020000         xrw
FLASH            0x08000000         0x00100000         xr
RAM_D1           0x24000000         0x00050000         xrw
RAM_D2           0x30000000         0x00008000         xrw
RAM_D3           0x38000000         0x00004000         xrw
*default*        0x00000000         0xffffffff

Linker script and memory map

LOAD C:/ST/STM32CubeIDE_2.2.0/STM32CubeIDE/plugins/com.st.stm32cube.ide.mcu.externaltools.gnu-tools-for-stm32.14.3.rel1.win32_1.0.100.202602081740/tools/bin/../lib/gcc/arm-none-eabi/14.3.1/thumb/v7e-m+dp/hard/crti.o
LOAD C:/ST/STM32CubeIDE_2.2.0/STM32CubeIDE/plugins/com.st.stm32cube.ide.mcu.externaltools.gnu-tools-for-stm32.14.3.rel1.win32_1.0.100.202602081740/tools/bin/../lib/gcc/arm-none-eabi/14.3.1/thumb/v7e-m+dp/hard/crtbegin.o
LOAD C:/ST/STM32CubeIDE_2.2.0/STM32CubeIDE/plugins/com.st.stm32cube.ide.mcu.externaltools.gnu-tools-for-stm32.14.3.rel1.win32_1.0.100.202602081740/tools/bin/../lib/gcc/arm-none-eabi/14.3.1/../../../../arm-none-eabi/lib/thumb/v7e-m+dp/hard/crt0.o
LOAD ./Core/Src/fk723_hardware_stub.o
LOAD ./Core/Src/fk723_robot_app.o
LOAD ./Core/Src/gpio.o
LOAD ./Core/Src/jetson_protocol.o
LOAD ./Core/Src/jetson_usb_cdc.o
LOAD ./Core/Src/main.o
LOAD ./Core/Src/stm32h7xx_hal_msp.o
LOAD ./Core/Src/stm32h7xx_it.o
LOAD ./Core/Src/syscalls.o
LOAD ./Core/Src/sysmem.o
LOAD ./Core/Src/system_stm32h7xx.o
LOAD ./Core/Src/tim.o
LOAD ./Core/Startup/startup_stm32h723zgtx.o
LOAD ./Drivers/STM32H7xx_HAL_Driver/Src/stm32h7xx_hal.o
LOAD ./Drivers/STM32H7xx_HAL_Driver/Src/stm32h7xx_hal_cortex.o
LOAD ./Drivers/STM32H7xx_HAL_Driver/Src/stm32h7xx_hal_dma.o
LOAD ./Drivers/STM32H7xx_HAL_Driver/Src/stm32h7xx_hal_dma_ex.o
LOAD ./Drivers/STM32H7xx_HAL_Driver/Src/stm32h7xx_hal_exti.o
LOAD ./Drivers/STM32H7xx_HAL_Driver/Src/stm32h7xx_hal_flash.o
LOAD ./Drivers/STM32H7xx_HAL_Driver/Src/stm32h7xx_hal_flash_ex.o
LOAD ./Drivers/STM32H7xx_HAL_Driver/Src/stm32h7xx_hal_gpio.o
LOAD ./Drivers/STM32H7xx_HAL_Driver/Src/stm32h7xx_hal_hsem.o
LOAD ./Drivers/STM32H7xx_HAL_Driver/Src/stm32h7xx_hal_i2c.o
LOAD ./Drivers/STM32H7xx_HAL_Driver/Src/stm32h7xx_hal_i2c_ex.o
LOAD ./Drivers/STM32H7xx_HAL_Driver/Src/stm32h7xx_hal_mdma.o
LOAD ./Drivers/STM32H7xx_HAL_Driver/Src/stm32h7xx_hal_pcd.o
LOAD ./Drivers/STM32H7xx_HAL_Driver/Src/stm32h7xx_hal_pcd_ex.o
LOAD ./Drivers/STM32H7xx_HAL_Driver/Src/stm32h7xx_hal_pwr.o
LOAD ./Drivers/STM32H7xx_HAL_Driver/Src/stm32h7xx_hal_pwr_ex.o
LOAD ./Drivers/STM32H7xx_HAL_Driver/Src/stm32h7xx_hal_rcc.o
LOAD ./Drivers/STM32H7xx_HAL_Driver/Src/stm32h7xx_hal_rcc_ex.o
LOAD ./Drivers/STM32H7xx_HAL_Driver/Src/stm32h7xx_hal_tim.o
LOAD ./Drivers/STM32H7xx_HAL_Driver/Src/stm32h7xx_hal_tim_ex.o
LOAD ./Drivers/STM32H7xx_HAL_Driver/Src/stm32h7xx_ll_usb.o
LOAD ./Middlewares/ST/STM32_USB_Device_Library/Class/CDC/Src/usbd_cdc.o
LOAD ./Middlewares/ST/STM32_USB_Device_Library/Core/Src/usbd_core.o
LOAD ./Middlewares/ST/STM32_USB_Device_Library/Core/Src/usbd_ctlreq.o
LOAD ./Middlewares/ST/STM32_USB_Device_Library/Core/Src/usbd_ioreq.o
LOAD ./USB_DEVICE/App/usb_device.o
LOAD ./USB_DEVICE/App/usbd_cdc_if.o
LOAD ./USB_DEVICE/App/usbd_desc.o
LOAD ./USB_DEVICE/Target/usbd_conf.o
START GROUP
LOAD C:/ST/STM32CubeIDE_2.2.0/STM32CubeIDE/plugins/com.st.stm32cube.ide.mcu.externaltools.gnu-tools-for-stm32.14.3.rel1.win32_1.0.100.202602081740/tools/bin/../lib/gcc/arm-none-eabi/14.3.1/../../../../arm-none-eabi/lib/thumb/v7e-m+dp/hard\libc_nano.a
LOAD C:/ST/STM32CubeIDE_2.2.0/STM32CubeIDE/plugins/com.st.stm32cube.ide.mcu.externaltools.gnu-tools-for-stm32.14.3.rel1.win32_1.0.100.202602081740/tools/bin/../lib/gcc/arm-none-eabi/14.3.1/../../../../arm-none-eabi/lib/thumb/v7e-m+dp/hard\libm.a
END GROUP
START GROUP
LOAD C:/ST/STM32CubeIDE_2.2.0/STM32CubeIDE/plugins/com.st.stm32cube.ide.mcu.externaltools.gnu-tools-for-stm32.14.3.rel1.win32_1.0.100.202602081740/tools/bin/../lib/gcc/arm-none-eabi/14.3.1/thumb/v7e-m+dp/hard\libgcc.a
LOAD C:/ST/STM32CubeIDE_2.2.0/STM32CubeIDE/plugins/com.st.stm32cube.ide.mcu.externaltools.gnu-tools-for-stm32.14.3.rel1.win32_1.0.100.202602081740/tools/bin/../lib/gcc/arm-none-eabi/14.3.1/../../../../arm-none-eabi/lib/thumb/v7e-m+dp/hard\libc_nano.a
END GROUP
START GROUP
LOAD C:/ST/STM32CubeIDE_2.2.0/STM32CubeIDE/plugins/com.st.stm32cube.ide.mcu.externaltools.gnu-tools-for-stm32.14.3.rel1.win32_1.0.100.202602081740/tools/bin/../lib/gcc/arm-none-eabi/14.3.1/thumb/v7e-m+dp/hard\libgcc.a
LOAD C:/ST/STM32CubeIDE_2.2.0/STM32CubeIDE/plugins/com.st.stm32cube.ide.mcu.externaltools.gnu-tools-for-stm32.14.3.rel1.win32_1.0.100.202602081740/tools/bin/../lib/gcc/arm-none-eabi/14.3.1/../../../../arm-none-eabi/lib/thumb/v7e-m+dp/hard\libc_nano.a
LOAD C:/ST/STM32CubeIDE_2.2.0/STM32CubeIDE/plugins/com.st.stm32cube.ide.mcu.externaltools.gnu-tools-for-stm32.14.3.rel1.win32_1.0.100.202602081740/tools/bin/../lib/gcc/arm-none-eabi/14.3.1/../../../../arm-none-eabi/lib/thumb/v7e-m+dp/hard\libnosys.a
END GROUP
START GROUP
LOAD C:/ST/STM32CubeIDE_2.2.0/STM32CubeIDE/plugins/com.st.stm32cube.ide.mcu.externaltools.gnu-tools-for-stm32.14.3.rel1.win32_1.0.100.202602081740/tools/bin/../lib/gcc/arm-none-eabi/14.3.1/thumb/v7e-m+dp/hard\libgcc.a
LOAD C:/ST/STM32CubeIDE_2.2.0/STM32CubeIDE/plugins/com.st.stm32cube.ide.mcu.externaltools.gnu-tools-for-stm32.14.3.rel1.win32_1.0.100.202602081740/tools/bin/../lib/gcc/arm-none-eabi/14.3.1/../../../../arm-none-eabi/lib/thumb/v7e-m+dp/hard\libc_nano.a
LOAD C:/ST/STM32CubeIDE_2.2.0/STM32CubeIDE/plugins/com.st.stm32cube.ide.mcu.externaltools.gnu-tools-for-stm32.14.3.rel1.win32_1.0.100.202602081740/tools/bin/../lib/gcc/arm-none-eabi/14.3.1/../../../../arm-none-eabi/lib/thumb/v7e-m+dp/hard\libnosys.a
END GROUP
LOAD C:/ST/STM32CubeIDE_2.2.0/STM32CubeIDE/plugins/com.st.stm32cube.ide.mcu.externaltools.gnu-tools-for-stm32.14.3.rel1.win32_1.0.100.202602081740/tools/bin/../lib/gcc/arm-none-eabi/14.3.1/thumb/v7e-m+dp/hard/crtend.o
LOAD C:/ST/STM32CubeIDE_2.2.0/STM32CubeIDE/plugins/com.st.stm32cube.ide.mcu.externaltools.gnu-tools-for-stm32.14.3.rel1.win32_1.0.100.202602081740/tools/bin/../lib/gcc/arm-none-eabi/14.3.1/thumb/v7e-m+dp/hard/crtn.o
                0x24050000                        _estack = (ORIGIN (RAM_D1) + LENGTH (RAM_D1))
                0x00000200                        _Min_Heap_Size = 0x200
                0x00000400                        _Min_Stack_Size = 0x400

.isr_vector     0x08000000      0x2cc
                0x08000000                        . = ALIGN (0x4)
 *(.isr_vector)
 .isr_vector    0x08000000      0x2cc ./Core/Startup/startup_stm32h723zgtx.o
                0x08000000                g_pfnVectors
                0x080002cc                        . = ALIGN (0x4)

.text           0x080002cc     0x99fc
                0x080002cc                        . = ALIGN (0x4)
 *(.text)
 .text          0x080002cc       0x40 C:/ST/STM32CubeIDE_2.2.0/STM32CubeIDE/plugins/com.st.stm32cube.ide.mcu.externaltools.gnu-tools-for-stm32.14.3.rel1.win32_1.0.100.202602081740/tools/bin/../lib/gcc/arm-none-eabi/14.3.1/thumb/v7e-m+dp/hard/crtbegin.o
 *(.text*)
 .text.Hardware_GetJointPositionRad
                0x0800030c       0x20 ./Core/Src/fk723_hardware_stub.o
                0x0800030c                Hardware_GetJointPositionRad
 .text.Hardware_GetJointVelocityRadS
                0x0800032c       0x1a ./Core/Src/fk723_hardware_stub.o
                0x0800032c                Hardware_GetJointVelocityRadS
 *fill*         0x08000346        0x2 
 .text.Hardware_GetAccelerationMS2
                0x08000348       0x34 ./Core/Src/fk723_hardware_stub.o
                0x08000348                Hardware_GetAccelerationMS2
 .text.Hardware_GetGyroRadS
                0x0800037c       0x30 ./Core/Src/fk723_hardware_stub.o
                0x0800037c                Hardware_GetGyroRadS
 .text.Hardware_ImuDataValid
                0x080003ac       0x10 ./Core/Src/fk723_hardware_stub.o
                0x080003ac                Hardware_ImuDataValid
 .text.Hardware_EncodersDataValid
                0x080003bc       0x10 ./Core/Src/fk723_hardware_stub.o
                0x080003bc                Hardware_EncodersDataValid
 .text.Hardware_MotorsHaveFault
                0x080003cc       0x10 ./Core/Src/fk723_hardware_stub.o
                0x080003cc                Hardware_MotorsHaveFault
 .text.Hardware_MotorsAreEnabled
                0x080003dc       0x10 ./Core/Src/fk723_hardware_stub.o
                0x080003dc                Hardware_MotorsAreEnabled
 .text.Hardware_MotorsSetPositionTargets
                0x080003ec       0x1c ./Core/Src/fk723_hardware_stub.o
                0x080003ec                Hardware_MotorsSetPositionTargets
 .text.Hardware_MotorsDisable
                0x08000408        0xe ./Core/Src/fk723_hardware_stub.o
                0x08000408                Hardware_MotorsDisable
 .text.Hardware_Micros32
                0x08000416       0x16 ./Core/Src/fk723_hardware_stub.o
                0x08000416                Hardware_Micros32
 .text.RobotApp_Control1kHz
                0x0800042c       0xd0 ./Core/Src/fk723_robot_app.o
 .text.RobotApp_SendState
                0x080004fc       0xb0 ./Core/Src/fk723_robot_app.o
 .text.RobotApp_Init
                0x080005ac       0x50 ./Core/Src/fk723_robot_app.o
                0x080005ac                RobotApp_Init
 .text.RobotApp_MainLoop
                0x080005fc       0x20 ./Core/Src/fk723_robot_app.o
                0x080005fc                RobotApp_MainLoop
 .text.RobotApp_OnUsbReceive
                0x0800061c       0x22 ./Core/Src/fk723_robot_app.o
                0x0800061c                RobotApp_OnUsbReceive
 *fill*         0x0800063e        0x2 
 .text.HAL_TIM_PeriodElapsedCallback
                0x08000640       0x4c ./Core/Src/fk723_robot_app.o
                0x08000640                HAL_TIM_PeriodElapsedCallback
 .text.MX_GPIO_Init
                0x0800068c       0xc4 ./Core/Src/gpio.o
                0x0800068c                MX_GPIO_Init
 .text.crc16_ccitt
                0x08000750       0x7e ./Core/Src/jetson_protocol.o
 *fill*         0x080007ce        0x2 
 .text.reset_rx
                0x080007d0       0x24 ./Core/Src/jetson_protocol.o
 .text.process_complete_frame
                0x080007f4       0xcc ./Core/Src/jetson_protocol.o
 .text.Protocol_Init
                0x080008c0       0x44 ./Core/Src/jetson_protocol.o
                0x080008c0                Protocol_Init
 .text.Protocol_RxBytes
                0x08000904       0xf8 ./Core/Src/jetson_protocol.o
                0x08000904                Protocol_RxBytes
 .text.Protocol_GetFreshCommand
                0x080009fc       0x7c ./Core/Src/jetson_protocol.o
                0x080009fc                Protocol_GetFreshCommand
 .text.Protocol_EncodeState
                0x08000a78       0x8c ./Core/Src/jetson_protocol.o
                0x08000a78                Protocol_EncodeState
 .text.JetsonUsbCdc_OnReceive
                0x08000b04       0x4e ./Core/Src/jetson_usb_cdc.o
                0x08000b04                JetsonUsbCdc_OnReceive
 *fill*         0x08000b52        0x2 
 .text.JetsonUsbCdc_SendState
                0x08000b54       0x58 ./Core/Src/jetson_usb_cdc.o
                0x08000b54                JetsonUsbCdc_SendState
 .text.main     0x08000bac       0xf4 ./Core/Src/main.o
                0x08000bac                main
 .text.SystemClock_Config
                0x08000ca0       0xdc ./Core/Src/main.o
                0x08000ca0                SystemClock_Config
 .text.MPU_Config
                0x08000d7c       0x58 ./Core/Src/main.o
 .text.Error_Handler
                0x08000dd4        0xc ./Core/Src/main.o
                0x08000dd4                Error_Handler
 .text.HAL_MspInit
                0x08000de0       0x34 ./Core/Src/stm32h7xx_hal_msp.o
                0x08000de0                HAL_MspInit
 .text.NMI_Handler
                0x08000e14        0x8 ./Core/Src/stm32h7xx_it.o
                0x08000e14                NMI_Handler
 .text.HardFault_Handler
                0x08000e1c        0x8 ./Core/Src/stm32h7xx_it.o
                0x08000e1c                HardFault_Handler
 .text.MemManage_Handler
                0x08000e24        0x8 ./Core/Src/stm32h7xx_it.o
                0x08000e24                MemManage_Handler
 .text.BusFault_Handler
                0x08000e2c        0x8 ./Core/Src/stm32h7xx_it.o
                0x08000e2c                BusFault_Handler
 .text.UsageFault_Handler
                0x08000e34        0x8 ./Core/Src/stm32h7xx_it.o
                0x08000e34                UsageFault_Handler
 .text.SVC_Handler
                0x08000e3c        0xe ./Core/Src/stm32h7xx_it.o
                0x08000e3c                SVC_Handler
 .text.DebugMon_Handler
                0x08000e4a        0xe ./Core/Src/stm32h7xx_it.o
                0x08000e4a                DebugMon_Handler
 .text.PendSV_Handler
                0x08000e58        0xe ./Core/Src/stm32h7xx_it.o
                0x08000e58                PendSV_Handler
 .text.SysTick_Handler
                0x08000e66        0xc ./Core/Src/stm32h7xx_it.o
                0x08000e66                SysTick_Handler
 *fill*         0x08000e72        0x2 
 .text.TIM6_DAC_IRQHandler
                0x08000e74       0x14 ./Core/Src/stm32h7xx_it.o
                0x08000e74                TIM6_DAC_IRQHandler
 .text.OTG_HS_IRQHandler
                0x08000e88       0x14 ./Core/Src/stm32h7xx_it.o
                0x08000e88                OTG_HS_IRQHandler
 .text.SystemInit
                0x08000e9c      0x120 ./Core/Src/system_stm32h7xx.o
                0x08000e9c                SystemInit
 .text.ExitRun0Mode
                0x08000fbc       0x18 ./Core/Src/system_stm32h7xx.o
                0x08000fbc                ExitRun0Mode
 .text.MX_TIM6_Init
                0x08000fd4       0x6c ./Core/Src/tim.o
                0x08000fd4                MX_TIM6_Init
 .text.HAL_TIM_Base_MspInit
                0x08001040       0x50 ./Core/Src/tim.o
                0x08001040                HAL_TIM_Base_MspInit
 .text.Reset_Handler
                0x08001090       0x54 ./Core/Startup/startup_stm32h723zgtx.o
                0x08001090                Reset_Handler
 .text.Default_Handler
                0x080010e4        0x2 ./Core/Startup/startup_stm32h723zgtx.o
                0x080010e4                RTC_Alarm_IRQHandler
                0x080010e4                EXTI2_IRQHandler
                0x080010e4                TIM8_CC_IRQHandler
                0x080010e4                UART8_IRQHandler
                0x080010e4                SPI4_IRQHandler
                0x080010e4                FDCAN3_IT0_IRQHandler
                0x080010e4                TIM1_CC_IRQHandler
                0x080010e4                BDMA_Channel6_IRQHandler
                0x080010e4                DMA2_Stream5_IRQHandler
                0x080010e4                DMA1_Stream5_IRQHandler
                0x080010e4                CORDIC_IRQHandler
                0x080010e4                BDMA_Channel1_IRQHandler
                0x080010e4                TAMP_STAMP_IRQHandler
                0x080010e4                EXTI3_IRQHandler
                0x080010e4                LPTIM4_IRQHandler
                0x080010e4                TIM8_TRG_COM_TIM14_IRQHandler
                0x080010e4                LPTIM2_IRQHandler
                0x080010e4                DFSDM1_FLT1_IRQHandler
                0x080010e4                DMAMUX2_OVR_IRQHandler
                0x080010e4                TIM8_UP_TIM13_IRQHandler
                0x080010e4                I2C3_ER_IRQHandler
                0x080010e4                DFSDM1_FLT2_IRQHandler
                0x080010e4                I2C5_EV_IRQHandler
                0x080010e4                USART10_IRQHandler
                0x080010e4                MDMA_IRQHandler
                0x080010e4                LPTIM3_IRQHandler
                0x080010e4                HSEM1_IRQHandler
                0x080010e4                EXTI0_IRQHandler
                0x080010e4                I2C2_EV_IRQHandler
                0x080010e4                DMA1_Stream2_IRQHandler
                0x080010e4                FPU_IRQHandler
                0x080010e4                OTG_HS_WKUP_IRQHandler
                0x080010e4                FDCAN1_IT1_IRQHandler
                0x080010e4                LTDC_ER_IRQHandler
                0x080010e4                DMA2_Stream2_IRQHandler
                0x080010e4                SPI1_IRQHandler
                0x080010e4                OCTOSPI1_IRQHandler
                0x080010e4                DMA2_Stream3_IRQHandler
                0x080010e4                OCTOSPI2_IRQHandler
                0x080010e4                DFSDM1_FLT3_IRQHandler
                0x080010e4                TIM23_IRQHandler
                0x080010e4                USART6_IRQHandler
                0x080010e4                TIM17_IRQHandler
                0x080010e4                USART3_IRQHandler
                0x080010e4                BDMA_Channel7_IRQHandler
                0x080010e4                LPTIM5_IRQHandler
                0x080010e4                UART5_IRQHandler
                0x080010e4                ADC3_IRQHandler
                0x080010e4                DMA2_Stream0_IRQHandler
                0x080010e4                TIM4_IRQHandler
                0x080010e4                BDMA_Channel2_IRQHandler
                0x080010e4                I2C1_EV_IRQHandler
                0x080010e4                DMA1_Stream6_IRQHandler
                0x080010e4                DMAMUX1_OVR_IRQHandler
                0x080010e4                DMA1_Stream1_IRQHandler
                0x080010e4                TIM16_IRQHandler
                0x080010e4                UART4_IRQHandler
                0x080010e4                BDMA_Channel5_IRQHandler
                0x080010e4                TIM3_IRQHandler
                0x080010e4                RCC_IRQHandler
                0x080010e4                UART9_IRQHandler
                0x080010e4                TIM8_BRK_TIM12_IRQHandler
                0x080010e4                TIM1_TRG_COM_IRQHandler
                0x080010e4                Default_Handler
                0x080010e4                ECC_IRQHandler
                0x080010e4                FMAC_IRQHandler
                0x080010e4                CEC_IRQHandler
                0x080010e4                EXTI15_10_IRQHandler
                0x080010e4                BDMA_Channel0_IRQHandler
                0x080010e4                ADC_IRQHandler
                0x080010e4                I2C5_ER_IRQHandler
                0x080010e4                DMA1_Stream7_IRQHandler
                0x080010e4                SPI5_IRQHandler
                0x080010e4                TIM7_IRQHandler
                0x080010e4                FDCAN3_IT1_IRQHandler
                0x080010e4                SDMMC1_IRQHandler
                0x080010e4                TIM5_IRQHandler
                0x080010e4                DMA2_Stream7_IRQHandler
                0x080010e4                TIM15_IRQHandler
                0x080010e4                PVD_AVD_IRQHandler
                0x080010e4                I2C3_EV_IRQHandler
                0x080010e4                EXTI9_5_IRQHandler
                0x080010e4                RTC_WKUP_IRQHandler
                0x080010e4                LTDC_IRQHandler
                0x080010e4                ETH_WKUP_IRQHandler
                0x080010e4                SPDIF_RX_IRQHandler
                0x080010e4                SPI2_IRQHandler
                0x080010e4                OTG_HS_EP1_IN_IRQHandler
                0x080010e4                DMA1_Stream0_IRQHandler
                0x080010e4                TIM24_IRQHandler
                0x080010e4                CRS_IRQHandler
                0x080010e4                EXTI4_IRQHandler
                0x080010e4                RNG_IRQHandler
                0x080010e4                FDCAN2_IT1_IRQHandler
                0x080010e4                ETH_IRQHandler
                0x080010e4                TIM1_UP_IRQHandler
                0x080010e4                BDMA_Channel4_IRQHandler
                0x080010e4                OTG_HS_EP1_OUT_IRQHandler
                0x080010e4                WWDG_IRQHandler
                0x080010e4                SPI6_IRQHandler
                0x080010e4                MDIOS_IRQHandler
                0x080010e4                I2C4_EV_IRQHandler
                0x080010e4                FDCAN2_IT0_IRQHandler
                0x080010e4                LPUART1_IRQHandler
                0x080010e4                FDCAN1_IT0_IRQHandler
                0x080010e4                TIM2_IRQHandler
                0x080010e4                DMA2D_IRQHandler
                0x080010e4                TIM1_BRK_IRQHandler
                0x080010e4                EXTI1_IRQHandler
                0x080010e4                SDMMC2_IRQHandler
                0x080010e4                BDMA_Channel3_IRQHandler
                0x080010e4                DTS_IRQHandler
                0x080010e4                UART7_IRQHandler
                0x080010e4                MDIOS_WKUP_IRQHandler
                0x080010e4                USART2_IRQHandler
                0x080010e4                DFSDM1_FLT0_IRQHandler
                0x080010e4                SAI4_IRQHandler
                0x080010e4                I2C2_ER_IRQHandler
                0x080010e4                DMA2_Stream1_IRQHandler
                0x080010e4                FLASH_IRQHandler
                0x080010e4                DMA2_Stream4_IRQHandler
                0x080010e4                USART1_IRQHandler
                0x080010e4                SPI3_IRQHandler
                0x080010e4                WAKEUP_PIN_IRQHandler
                0x080010e4                DMA1_Stream4_IRQHandler
                0x080010e4                I2C1_ER_IRQHandler
                0x080010e4                FMC_IRQHandler
                0x080010e4                FDCAN_CAL_IRQHandler
                0x080010e4                SWPMI1_IRQHandler
                0x080010e4                COMP1_IRQHandler
                0x080010e4                LPTIM1_IRQHandler
                0x080010e4                DCMI_PSSI_IRQHandler
                0x080010e4                I2C4_ER_IRQHandler
                0x080010e4                DMA2_Stream6_IRQHandler
                0x080010e4                SAI1_IRQHandler
                0x080010e4                DMA1_Stream3_IRQHandler
 *fill*         0x080010e6        0x2 
 .text.HAL_Init
                0x080010e8       0x78 ./Drivers/STM32H7xx_HAL_Driver/Src/stm32h7xx_hal.o
                0x080010e8                HAL_Init
 .text.HAL_InitTick
                0x08001160       0x6c ./Drivers/STM32H7xx_HAL_Driver/Src/stm32h7xx_hal.o
                0x08001160                HAL_InitTick
 .text.HAL_IncTick
                0x080011cc       0x28 ./Drivers/STM32H7xx_HAL_Driver/Src/stm32h7xx_hal.o
                0x080011cc                HAL_IncTick
 .text.HAL_GetTick
                0x080011f4       0x18 ./Drivers/STM32H7xx_HAL_Driver/Src/stm32h7xx_hal.o
                0x080011f4                HAL_GetTick
 .text.HAL_Delay
                0x0800120c       0x48 ./Drivers/STM32H7xx_HAL_Driver/Src/stm32h7xx_hal.o
                0x0800120c                HAL_Delay
 .text.__NVIC_SetPriorityGrouping
                0x08001254       0x48 ./Drivers/STM32H7xx_HAL_Driver/Src/stm32h7xx_hal_cortex.o
 .text.__NVIC_GetPriorityGrouping
                0x0800129c       0x1c ./Drivers/STM32H7xx_HAL_Driver/Src/stm32h7xx_hal_cortex.o
 .text.__NVIC_EnableIRQ
                0x080012b8       0x3c ./Drivers/STM32H7xx_HAL_Driver/Src/stm32h7xx_hal_cortex.o
 .text.__NVIC_SetPriority
                0x080012f4       0x54 ./Drivers/STM32H7xx_HAL_Driver/Src/stm32h7xx_hal_cortex.o
 .text.NVIC_EncodePriority
                0x08001348       0x66 ./Drivers/STM32H7xx_HAL_Driver/Src/stm32h7xx_hal_cortex.o
 *fill*         0x080013ae        0x2 
 .text.SysTick_Config
                0x080013b0       0x44 ./Drivers/STM32H7xx_HAL_Driver/Src/stm32h7xx_hal_cortex.o
 .text.HAL_NVIC_SetPriorityGrouping
                0x080013f4       0x16 ./Drivers/STM32H7xx_HAL_Driver/Src/stm32h7xx_hal_cortex.o
                0x080013f4                HAL_NVIC_SetPriorityGrouping
 .text.HAL_NVIC_SetPriority
                0x0800140a       0x34 ./Drivers/STM32H7xx_HAL_Driver/Src/stm32h7xx_hal_cortex.o
                0x0800140a                HAL_NVIC_SetPriority
 .text.HAL_NVIC_EnableIRQ
                0x0800143e       0x1c ./Drivers/STM32H7xx_HAL_Driver/Src/stm32h7xx_hal_cortex.o
                0x0800143e                HAL_NVIC_EnableIRQ
 .text.HAL_SYSTICK_Config
                0x0800145a       0x18 ./Drivers/STM32H7xx_HAL_Driver/Src/stm32h7xx_hal_cortex.o
                0x0800145a                HAL_SYSTICK_Config
 *fill*         0x08001472        0x2 
 .text.HAL_MPU_Disable
                0x08001474       0x30 ./Drivers/STM32H7xx_HAL_Driver/Src/stm32h7xx_hal_cortex.o
                0x08001474                HAL_MPU_Disable
 .text.HAL_MPU_Enable
                0x080014a4       0x40 ./Drivers/STM32H7xx_HAL_Driver/Src/stm32h7xx_hal_cortex.o
                0x080014a4                HAL_MPU_Enable
 .text.HAL_MPU_ConfigRegion
                0x080014e4       0x80 ./Drivers/STM32H7xx_HAL_Driver/Src/stm32h7xx_hal_cortex.o
                0x080014e4                HAL_MPU_ConfigRegion
 .text.HAL_GPIO_Init
                0x08001564      0x364 ./Drivers/STM32H7xx_HAL_Driver/Src/stm32h7xx_hal_gpio.o
                0x08001564                HAL_GPIO_Init
 .text.HAL_GPIO_WritePin
                0x080018c8       0x32 ./Drivers/STM32H7xx_HAL_Driver/Src/stm32h7xx_hal_gpio.o
                0x080018c8                HAL_GPIO_WritePin
 .text.HAL_PCD_Init
                0x080018fa      0x218 ./Drivers/STM32H7xx_HAL_Driver/Src/stm32h7xx_hal_pcd.o
                0x080018fa                HAL_PCD_Init
 .text.HAL_PCD_Start
                0x08001b12       0x6a ./Drivers/STM32H7xx_HAL_Driver/Src/stm32h7xx_hal_pcd.o
                0x08001b12                HAL_PCD_Start
 .text.HAL_PCD_IRQHandler
                0x08001b7c      0x9d0 ./Drivers/STM32H7xx_HAL_Driver/Src/stm32h7xx_hal_pcd.o
                0x08001b7c                HAL_PCD_IRQHandler
 .text.HAL_PCD_SetAddress
                0x0800254c       0x48 ./Drivers/STM32H7xx_HAL_Driver/Src/stm32h7xx_hal_pcd.o
                0x0800254c                HAL_PCD_SetAddress
 .text.HAL_PCD_EP_Open
                0x08002594       0xd4 ./Drivers/STM32H7xx_HAL_Driver/Src/stm32h7xx_hal_pcd.o
                0x08002594                HAL_PCD_EP_Open
 .text.HAL_PCD_EP_Close
                0x08002668       0x94 ./Drivers/STM32H7xx_HAL_Driver/Src/stm32h7xx_hal_pcd.o
                0x08002668                HAL_PCD_EP_Close
 .text.HAL_PCD_EP_Receive
                0x080026fc       0x76 ./Drivers/STM32H7xx_HAL_Driver/Src/stm32h7xx_hal_pcd.o
                0x080026fc                HAL_PCD_EP_Receive
 .text.HAL_PCD_EP_GetRxCount
                0x08002772       0x30 ./Drivers/STM32H7xx_HAL_Driver/Src/stm32h7xx_hal_pcd.o
                0x08002772                HAL_PCD_EP_GetRxCount
 .text.HAL_PCD_EP_Transmit
                0x080027a2       0x74 ./Drivers/STM32H7xx_HAL_Driver/Src/stm32h7xx_hal_pcd.o
                0x080027a2                HAL_PCD_EP_Transmit
 .text.HAL_PCD_EP_SetStall
                0x08002816       0xc6 ./Drivers/STM32H7xx_HAL_Driver/Src/stm32h7xx_hal_pcd.o
                0x08002816                HAL_PCD_EP_SetStall
 .text.HAL_PCD_EP_ClrStall
                0x080028dc       0xac ./Drivers/STM32H7xx_HAL_Driver/Src/stm32h7xx_hal_pcd.o
                0x080028dc                HAL_PCD_EP_ClrStall
 .text.HAL_PCD_EP_Abort
                0x08002988       0x62 ./Drivers/STM32H7xx_HAL_Driver/Src/stm32h7xx_hal_pcd.o
                0x08002988                HAL_PCD_EP_Abort
 .text.PCD_WriteEmptyTxFifo
                0x080029ea      0x118 ./Drivers/STM32H7xx_HAL_Driver/Src/stm32h7xx_hal_pcd.o
 *fill*         0x08002b02        0x2 
 .text.PCD_EP_OutXfrComplete_int
                0x08002b04      0x1d0 ./Drivers/STM32H7xx_HAL_Driver/Src/stm32h7xx_hal_pcd.o
 .text.PCD_EP_OutSetupPacket_int
                0x08002cd4       0x8c ./Drivers/STM32H7xx_HAL_Driver/Src/stm32h7xx_hal_pcd.o
 .text.HAL_PCDEx_SetTxFiFo
                0x08002d60       0x8e ./Drivers/STM32H7xx_HAL_Driver/Src/stm32h7xx_hal_pcd_ex.o
                0x08002d60                HAL_PCDEx_SetTxFiFo
 .text.HAL_PCDEx_SetRxFiFo
                0x08002dee       0x22 ./Drivers/STM32H7xx_HAL_Driver/Src/stm32h7xx_hal_pcd_ex.o
                0x08002dee                HAL_PCDEx_SetRxFiFo
 .text.HAL_PCDEx_ActivateLPM
                0x08002e10       0x48 ./Drivers/STM32H7xx_HAL_Driver/Src/stm32h7xx_hal_pcd_ex.o
                0x08002e10                HAL_PCDEx_ActivateLPM
 .text.HAL_PCDEx_LPM_Callback
                0x08002e58       0x18 ./Drivers/STM32H7xx_HAL_Driver/Src/stm32h7xx_hal_pcd_ex.o
                0x08002e58                HAL_PCDEx_LPM_Callback
 .text.HAL_PWREx_ConfigSupply
                0x08002e70       0x74 ./Drivers/STM32H7xx_HAL_Driver/Src/stm32h7xx_hal_pwr_ex.o
                0x08002e70                HAL_PWREx_ConfigSupply
 .text.HAL_PWREx_EnableUSBVoltageDetector
                0x08002ee4       0x20 ./Drivers/STM32H7xx_HAL_Driver/Src/stm32h7xx_hal_pwr_ex.o
                0x08002ee4                HAL_PWREx_EnableUSBVoltageDetector
 .text.HAL_RCC_OscConfig
                0x08002f04      0x7b4 ./Drivers/STM32H7xx_HAL_Driver/Src/stm32h7xx_hal_rcc.o
                0x08002f04                HAL_RCC_OscConfig
 .text.HAL_RCC_ClockConfig
                0x080036b8      0x36c ./Drivers/STM32H7xx_HAL_Driver/Src/stm32h7xx_hal_rcc.o
                0x080036b8                HAL_RCC_ClockConfig
 .text.HAL_RCC_GetSysClockFreq
                0x08003a24      0x2f4 ./Drivers/STM32H7xx_HAL_Driver/Src/stm32h7xx_hal_rcc.o
                0x08003a24                HAL_RCC_GetSysClockFreq
 .text.HAL_RCC_GetHCLKFreq
                0x08003d18       0x60 ./Drivers/STM32H7xx_HAL_Driver/Src/stm32h7xx_hal_rcc.o
                0x08003d18                HAL_RCC_GetHCLKFreq
 .text.HAL_RCCEx_PeriphCLKConfig
                0x08003d78     0x1340 ./Drivers/STM32H7xx_HAL_Driver/Src/stm32h7xx_hal_rcc_ex.o
                0x08003d78                HAL_RCCEx_PeriphCLKConfig
 .text.RCCEx_PLL2_Config
                0x080050b8      0x164 ./Drivers/STM32H7xx_HAL_Driver/Src/stm32h7xx_hal_rcc_ex.o
 .text.RCCEx_PLL3_Config
                0x0800521c      0x164 ./Drivers/STM32H7xx_HAL_Driver/Src/stm32h7xx_hal_rcc_ex.o
 .text.HAL_TIM_Base_Init
                0x08005380       0xae ./Drivers/STM32H7xx_HAL_Driver/Src/stm32h7xx_hal_tim.o
                0x08005380                HAL_TIM_Base_Init
 *fill*         0x0800542e        0x2 
 .text.HAL_TIM_Base_Start_IT
                0x08005430      0x10c ./Drivers/STM32H7xx_HAL_Driver/Src/stm32h7xx_hal_tim.o
                0x08005430                HAL_TIM_Base_Start_IT
 .text.HAL_TIM_IRQHandler
                0x0800553c      0x20e ./Drivers/STM32H7xx_HAL_Driver/Src/stm32h7xx_hal_tim.o
                0x0800553c                HAL_TIM_IRQHandler
 .text.HAL_TIM_OC_DelayElapsedCallback
                0x0800574a       0x14 ./Drivers/STM32H7xx_HAL_Driver/Src/stm32h7xx_hal_tim.o
                0x0800574a                HAL_TIM_OC_DelayElapsedCallback
 .text.HAL_TIM_IC_CaptureCallback
                0x0800575e       0x14 ./Drivers/STM32H7xx_HAL_Driver/Src/stm32h7xx_hal_tim.o
                0x0800575e                HAL_TIM_IC_CaptureCallback
 .text.HAL_TIM_PWM_PulseFinishedCallback
                0x08005772       0x14 ./Drivers/STM32H7xx_HAL_Driver/Src/stm32h7xx_hal_tim.o
                0x08005772                HAL_TIM_PWM_PulseFinishedCallback
 .text.HAL_TIM_TriggerCallback
                0x08005786       0x14 ./Drivers/STM32H7xx_HAL_Driver/Src/stm32h7xx_hal_tim.o
                0x08005786                HAL_TIM_TriggerCallback
 *fill*         0x0800579a        0x2 
 .text.TIM_Base_SetConfig
                0x0800579c      0x158 ./Drivers/STM32H7xx_HAL_Driver/Src/stm32h7xx_hal_tim.o
                0x0800579c                TIM_Base_SetConfig
 .text.HAL_TIMEx_MasterConfigSynchronization
                0x080058f4      0x138 ./Drivers/STM32H7xx_HAL_Driver/Src/stm32h7xx_hal_tim_ex.o
                0x080058f4                HAL_TIMEx_MasterConfigSynchronization
 .text.HAL_TIMEx_CommutCallback
                0x08005a2c       0x14 ./Drivers/STM32H7xx_HAL_Driver/Src/stm32h7xx_hal_tim_ex.o
                0x08005a2c                HAL_TIMEx_CommutCallback
 .text.HAL_TIMEx_BreakCallback
                0x08005a40       0x14 ./Drivers/STM32H7xx_HAL_Driver/Src/stm32h7xx_hal_tim_ex.o
                0x08005a40                HAL_TIMEx_BreakCallback
 .text.HAL_TIMEx_Break2Callback
                0x08005a54       0x14 ./Drivers/STM32H7xx_HAL_Driver/Src/stm32h7xx_hal_tim_ex.o
                0x08005a54                HAL_TIMEx_Break2Callback
 .text.USB_CoreInit
                0x08005a68       0xf0 ./Drivers/STM32H7xx_HAL_Driver/Src/stm32h7xx_ll_usb.o
                0x08005a68                USB_CoreInit
 .text.USB_SetTurnaroundTime
                0x08005b58      0x144 ./Drivers/STM32H7xx_HAL_Driver/Src/stm32h7xx_ll_usb.o
                0x08005b58                USB_SetTurnaroundTime
 .text.USB_EnableGlobalInt
                0x08005c9c       0x22 ./Drivers/STM32H7xx_HAL_Driver/Src/stm32h7xx_ll_usb.o
                0x08005c9c                USB_EnableGlobalInt
 .text.USB_DisableGlobalInt
                0x08005cbe       0x22 ./Drivers/STM32H7xx_HAL_Driver/Src/stm32h7xx_ll_usb.o
                0x08005cbe                USB_DisableGlobalInt
 .text.USB_SetCurrentMode
                0x08005ce0       0x98 ./Drivers/STM32H7xx_HAL_Driver/Src/stm32h7xx_ll_usb.o
                0x08005ce0                USB_SetCurrentMode
 .text.USB_DevInit
                0x08005d78      0x2bc ./Drivers/STM32H7xx_HAL_Driver/Src/stm32h7xx_ll_usb.o
                0x08005d78                USB_DevInit
 .text.USB_FlushTxFifo
                0x08006034       0x64 ./Drivers/STM32H7xx_HAL_Driver/Src/stm32h7xx_ll_usb.o
                0x08006034                USB_FlushTxFifo
 .text.USB_FlushRxFifo
                0x08006098       0x5c ./Drivers/STM32H7xx_HAL_Driver/Src/stm32h7xx_ll_usb.o
                0x08006098                USB_FlushRxFifo
 .text.USB_SetDevSpeed
                0x080060f4       0x32 ./Drivers/STM32H7xx_HAL_Driver/Src/stm32h7xx_ll_usb.o
                0x080060f4                USB_SetDevSpeed
 .text.USB_GetDevSpeed
                0x08006126       0x4a ./Drivers/STM32H7xx_HAL_Driver/Src/stm32h7xx_ll_usb.o
                0x08006126                USB_GetDevSpeed
 .text.USB_ActivateEndpoint
                0x08006170      0x110 ./Drivers/STM32H7xx_HAL_Driver/Src/stm32h7xx_ll_usb.o
                0x08006170                USB_ActivateEndpoint
 .text.USB_DeactivateEndpoint
                0x08006280      0x1b8 ./Drivers/STM32H7xx_HAL_Driver/Src/stm32h7xx_ll_usb.o
                0x08006280                USB_DeactivateEndpoint
 .text.USB_EPStartXfer
                0x08006438      0x548 ./Drivers/STM32H7xx_HAL_Driver/Src/stm32h7xx_ll_usb.o
                0x08006438                USB_EPStartXfer
 .text.USB_EPStopXfer
                0x08006980      0x1fa ./Drivers/STM32H7xx_HAL_Driver/Src/stm32h7xx_ll_usb.o
                0x08006980                USB_EPStopXfer
 .text.USB_EPSetStall
                0x08006b7a       0xdc ./Drivers/STM32H7xx_HAL_Driver/Src/stm32h7xx_ll_usb.o
                0x08006b7a                USB_EPSetStall
 .text.USB_EPClearStall
                0x08006c56       0xcc ./Drivers/STM32H7xx_HAL_Driver/Src/stm32h7xx_ll_usb.o
                0x08006c56                USB_EPClearStall
 .text.USB_WritePacket
                0x08006d22       0x7c ./Drivers/STM32H7xx_HAL_Driver/Src/stm32h7xx_ll_usb.o
                0x08006d22                USB_WritePacket
 .text.USB_ReadPacket
                0x08006d9e       0xb0 ./Drivers/STM32H7xx_HAL_Driver/Src/stm32h7xx_ll_usb.o
                0x08006d9e                USB_ReadPacket
 .text.USB_SetDevAddress
                0x08006e4e       0x4c ./Drivers/STM32H7xx_HAL_Driver/Src/stm32h7xx_ll_usb.o
                0x08006e4e                USB_SetDevAddress
 .text.USB_DevConnect
                0x08006e9a       0x42 ./Drivers/STM32H7xx_HAL_Driver/Src/stm32h7xx_ll_usb.o
                0x08006e9a                USB_DevConnect
 .text.USB_DevDisconnect
                0x08006edc       0x42 ./Drivers/STM32H7xx_HAL_Driver/Src/stm32h7xx_ll_usb.o
                0x08006edc                USB_DevDisconnect
 .text.USB_ReadInterrupts
                0x08006f1e       0x26 ./Drivers/STM32H7xx_HAL_Driver/Src/stm32h7xx_ll_usb.o
                0x08006f1e                USB_ReadInterrupts
 .text.USB_ReadDevAllOutEpInterrupt
                0x08006f44       0x34 ./Drivers/STM32H7xx_HAL_Driver/Src/stm32h7xx_ll_usb.o
                0x08006f44                USB_ReadDevAllOutEpInterrupt
 .text.USB_ReadDevAllInEpInterrupt
                0x08006f78       0x34 ./Drivers/STM32H7xx_HAL_Driver/Src/stm32h7xx_ll_usb.o
                0x08006f78                USB_ReadDevAllInEpInterrupt
 .text.USB_ReadDevOutEPInterrupt
                0x08006fac       0x3c ./Drivers/STM32H7xx_HAL_Driver/Src/stm32h7xx_ll_usb.o
                0x08006fac                USB_ReadDevOutEPInterrupt
 .text.USB_ReadDevInEPInterrupt
                0x08006fe8       0x5c ./Drivers/STM32H7xx_HAL_Driver/Src/stm32h7xx_ll_usb.o
                0x08006fe8                USB_ReadDevInEPInterrupt
 .text.USB_GetMode
                0x08007044       0x1c ./Drivers/STM32H7xx_HAL_Driver/Src/stm32h7xx_ll_usb.o
                0x08007044                USB_GetMode
 .text.USB_ActivateSetup
                0x08007060       0x48 ./Drivers/STM32H7xx_HAL_Driver/Src/stm32h7xx_ll_usb.o
                0x08007060                USB_ActivateSetup
 .text.USB_EP0_OutStart
                0x080070a8       0xbc ./Drivers/STM32H7xx_HAL_Driver/Src/stm32h7xx_ll_usb.o
                0x080070a8                USB_EP0_OutStart
 .text.USB_CoreReset
                0x08007164       0x70 ./Drivers/STM32H7xx_HAL_Driver/Src/stm32h7xx_ll_usb.o
 .text.USBD_CDC_Init
                0x080071d4      0x1f0 ./Middlewares/ST/STM32_USB_Device_Library/Class/CDC/Src/usbd_cdc.o
 .text.USBD_CDC_DeInit
                0x080073c4      0x104 ./Middlewares/ST/STM32_USB_Device_Library/Class/CDC/Src/usbd_cdc.o
 .text.USBD_CDC_Setup
                0x080074c8      0x1b8 ./Middlewares/ST/STM32_USB_Device_Library/Class/CDC/Src/usbd_cdc.o
 .text.USBD_CDC_DataIn
                0x08007680       0xfe ./Middlewares/ST/STM32_USB_Device_Library/Class/CDC/Src/usbd_cdc.o
 .text.USBD_CDC_DataOut
                0x0800777e       0x70 ./Middlewares/ST/STM32_USB_Device_Library/Class/CDC/Src/usbd_cdc.o
 .text.USBD_CDC_EP0_RxReady
                0x080077ee       0x74 ./Middlewares/ST/STM32_USB_Device_Library/Class/CDC/Src/usbd_cdc.o
 *fill*         0x08007862        0x2 
 .text.USBD_CDC_GetFSCfgDesc
                0x08007864       0x70 ./Middlewares/ST/STM32_USB_Device_Library/Class/CDC/Src/usbd_cdc.o
 .text.USBD_CDC_GetHSCfgDesc
                0x080078d4       0x70 ./Middlewares/ST/STM32_USB_Device_Library/Class/CDC/Src/usbd_cdc.o
 .text.USBD_CDC_GetOtherSpeedCfgDesc
                0x08007944       0x70 ./Middlewares/ST/STM32_USB_Device_Library/Class/CDC/Src/usbd_cdc.o
 .text.USBD_CDC_GetDeviceQualifierDescriptor
                0x080079b4       0x20 ./Middlewares/ST/STM32_USB_Device_Library/Class/CDC/Src/usbd_cdc.o
                0x080079b4                USBD_CDC_GetDeviceQualifierDescriptor
 .text.USBD_CDC_RegisterInterface
                0x080079d4       0x34 ./Middlewares/ST/STM32_USB_Device_Library/Class/CDC/Src/usbd_cdc.o
                0x080079d4                USBD_CDC_RegisterInterface
 .text.USBD_CDC_SetTxBuffer
                0x08007a08       0x44 ./Middlewares/ST/STM32_USB_Device_Library/Class/CDC/Src/usbd_cdc.o
                0x08007a08                USBD_CDC_SetTxBuffer
 .text.USBD_CDC_SetRxBuffer
                0x08007a4c       0x3a ./Middlewares/ST/STM32_USB_Device_Library/Class/CDC/Src/usbd_cdc.o
                0x08007a4c                USBD_CDC_SetRxBuffer
 *fill*         0x08007a86        0x2 
 .text.USBD_CDC_TransmitPacket
                0x08007a88       0x80 ./Middlewares/ST/STM32_USB_Device_Library/Class/CDC/Src/usbd_cdc.o
                0x08007a88                USBD_CDC_TransmitPacket
 .text.USBD_CDC_ReceivePacket
                0x08007b08       0x6c ./Middlewares/ST/STM32_USB_Device_Library/Class/CDC/Src/usbd_cdc.o
                0x08007b08                USBD_CDC_ReceivePacket
 .text.USBD_Init
                0x08007b74       0x60 ./Middlewares/ST/STM32_USB_Device_Library/Core/Src/usbd_core.o
                0x08007b74                USBD_Init
 .text.USBD_RegisterClass
                0x08007bd4       0x6c ./Middlewares/ST/STM32_USB_Device_Library/Core/Src/usbd_core.o
                0x08007bd4                USBD_RegisterClass
 .text.USBD_Start
                0x08007c40       0x18 ./Middlewares/ST/STM32_USB_Device_Library/Core/Src/usbd_core.o
                0x08007c40                USBD_Start
 .text.USBD_RunTestMode
                0x08007c58       0x16 ./Middlewares/ST/STM32_USB_Device_Library/Core/Src/usbd_core.o
                0x08007c58                USBD_RunTestMode
 .text.USBD_SetClassConfig
                0x08007c6e       0x38 ./Middlewares/ST/STM32_USB_Device_Library/Core/Src/usbd_core.o
                0x08007c6e                USBD_SetClassConfig
 .text.USBD_ClrClassConfig
                0x08007ca6       0x34 ./Middlewares/ST/STM32_USB_Device_Library/Core/Src/usbd_core.o
                0x08007ca6                USBD_ClrClassConfig
 .text.USBD_LL_SetupStage
                0x08007cda       0xaa ./Middlewares/ST/STM32_USB_Device_Library/Core/Src/usbd_core.o
                0x08007cda                USBD_LL_SetupStage
 .text.USBD_LL_DataOutStage
                0x08007d84      0x178 ./Middlewares/ST/STM32_USB_Device_Library/Core/Src/usbd_core.o
                0x08007d84                USBD_LL_DataOutStage
 .text.USBD_LL_DataInStage
                0x08007efc      0x176 ./Middlewares/ST/STM32_USB_Device_Library/Core/Src/usbd_core.o
                0x08007efc                USBD_LL_DataInStage
 .text.USBD_LL_Reset
                0x08008072       0xa6 ./Middlewares/ST/STM32_USB_Device_Library/Core/Src/usbd_core.o
                0x08008072                USBD_LL_Reset
 .text.USBD_LL_SetSpeed
                0x08008118       0x20 ./Middlewares/ST/STM32_USB_Device_Library/Core/Src/usbd_core.o
                0x08008118                USBD_LL_SetSpeed
 .text.USBD_LL_Suspend
                0x08008138       0x38 ./Middlewares/ST/STM32_USB_Device_Library/Core/Src/usbd_core.o
                0x08008138                USBD_LL_Suspend
 .text.USBD_LL_Resume
                0x08008170       0x30 ./Middlewares/ST/STM32_USB_Device_Library/Core/Src/usbd_core.o
                0x08008170                USBD_LL_Resume
 .text.USBD_LL_SOF
                0x080081a0       0x40 ./Middlewares/ST/STM32_USB_Device_Library/Core/Src/usbd_core.o
                0x080081a0                USBD_LL_SOF
 .text.USBD_LL_IsoINIncomplete
                0x080081e0       0x64 ./Middlewares/ST/STM32_USB_Device_Library/Core/Src/usbd_core.o
                0x080081e0                USBD_LL_IsoINIncomplete
 .text.USBD_LL_IsoOUTIncomplete
                0x08008244       0x64 ./Middlewares/ST/STM32_USB_Device_Library/Core/Src/usbd_core.o
                0x08008244                USBD_LL_IsoOUTIncomplete
 .text.USBD_LL_DevConnected
                0x080082a8       0x16 ./Middlewares/ST/STM32_USB_Device_Library/Core/Src/usbd_core.o
                0x080082a8                USBD_LL_DevConnected
 .text.USBD_LL_DevDisconnected
                0x080082be       0x46 ./Middlewares/ST/STM32_USB_Device_Library/Core/Src/usbd_core.o
                0x080082be                USBD_LL_DevDisconnected
 .text.USBD_CoreFindIF
                0x08008304       0x1a ./Middlewares/ST/STM32_USB_Device_Library/Core/Src/usbd_core.o
                0x08008304                USBD_CoreFindIF
 .text.USBD_CoreFindEP
                0x0800831e       0x1a ./Middlewares/ST/STM32_USB_Device_Library/Core/Src/usbd_core.o
                0x0800831e                USBD_CoreFindEP
 .text.USBD_GetEpDesc
                0x08008338       0x70 ./Middlewares/ST/STM32_USB_Device_Library/Core/Src/usbd_core.o
                0x08008338                USBD_GetEpDesc
 .text.USBD_GetNextDesc
                0x080083a8       0x38 ./Middlewares/ST/STM32_USB_Device_Library/Core/Src/usbd_core.o
                0x080083a8                USBD_GetNextDesc
 .text.SWAPBYTE
                0x080083e0       0x3e ./Middlewares/ST/STM32_USB_Device_Library/Core/Src/usbd_ctlreq.o
 *fill*         0x0800841e        0x2 
 .text.USBD_StdDevReq
                0x08008420       0xe4 ./Middlewares/ST/STM32_USB_Device_Library/Core/Src/usbd_ctlreq.o
                0x08008420                USBD_StdDevReq
 .text.USBD_StdItfReq
                0x08008504       0xd8 ./Middlewares/ST/STM32_USB_Device_Library/Core/Src/usbd_ctlreq.o
                0x08008504                USBD_StdItfReq
 .text.USBD_StdEPReq
                0x080085dc      0x33e ./Middlewares/ST/STM32_USB_Device_Library/Core/Src/usbd_ctlreq.o
                0x080085dc                USBD_StdEPReq
 *fill*         0x0800891a        0x2 
 .text.USBD_GetDescriptor
                0x0800891c      0x328 ./Middlewares/ST/STM32_USB_Device_Library/Core/Src/usbd_ctlreq.o
 .text.USBD_SetAddress
                0x08008c44       0x88 ./Middlewares/ST/STM32_USB_Device_Library/Core/Src/usbd_ctlreq.o
 .text.USBD_SetConfig
                0x08008ccc      0x154 ./Middlewares/ST/STM32_USB_Device_Library/Core/Src/usbd_ctlreq.o
 .text.USBD_GetConfig
                0x08008e20       0x6c ./Middlewares/ST/STM32_USB_Device_Library/Core/Src/usbd_ctlreq.o
 .text.USBD_GetStatus
                0x08008e8c       0x68 ./Middlewares/ST/STM32_USB_Device_Library/Core/Src/usbd_ctlreq.o
 .text.USBD_SetFeature
                0x08008ef4       0x52 ./Middlewares/ST/STM32_USB_Device_Library/Core/Src/usbd_ctlreq.o
 .text.USBD_ClrFeature
                0x08008f46       0x44 ./Middlewares/ST/STM32_USB_Device_Library/Core/Src/usbd_ctlreq.o
 .text.USBD_ParseSetupRequest
                0x08008f8a       0x74 ./Middlewares/ST/STM32_USB_Device_Library/Core/Src/usbd_ctlreq.o
                0x08008f8a                USBD_ParseSetupRequest
 .text.USBD_CtlError
                0x08008ffe       0x22 ./Middlewares/ST/STM32_USB_Device_Library/Core/Src/usbd_ctlreq.o
                0x08008ffe                USBD_CtlError
 .text.USBD_GetString
                0x08009020       0xa4 ./Middlewares/ST/STM32_USB_Device_Library/Core/Src/usbd_ctlreq.o
                0x08009020                USBD_GetString
 .text.USBD_GetLen
                0x080090c4       0x34 ./Middlewares/ST/STM32_USB_Device_Library/Core/Src/usbd_ctlreq.o
 .text.USBD_CtlSendData
                0x080090f8       0x3c ./Middlewares/ST/STM32_USB_Device_Library/Core/Src/usbd_ioreq.o
                0x080090f8                USBD_CtlSendData
 .text.USBD_CtlContinueSendData
                0x08009134       0x22 ./Middlewares/ST/STM32_USB_Device_Library/Core/Src/usbd_ioreq.o
                0x08009134                USBD_CtlContinueSendData
 .text.USBD_CtlPrepareRx
                0x08009156       0x42 ./Middlewares/ST/STM32_USB_Device_Library/Core/Src/usbd_ioreq.o
                0x08009156                USBD_CtlPrepareRx
 .text.USBD_CtlContinueRx
                0x08009198       0x22 ./Middlewares/ST/STM32_USB_Device_Library/Core/Src/usbd_ioreq.o
                0x08009198                USBD_CtlContinueRx
 .text.USBD_CtlSendStatus
                0x080091ba       0x26 ./Middlewares/ST/STM32_USB_Device_Library/Core/Src/usbd_ioreq.o
                0x080091ba                USBD_CtlSendStatus
 .text.USBD_CtlReceiveStatus
                0x080091e0       0x26 ./Middlewares/ST/STM32_USB_Device_Library/Core/Src/usbd_ioreq.o
                0x080091e0                USBD_CtlReceiveStatus
 *fill*         0x08009206        0x2 
 .text.MX_USB_DEVICE_Init
                0x08009208       0x64 ./USB_DEVICE/App/usb_device.o
                0x08009208                MX_USB_DEVICE_Init
 .text.CDC_Init_HS
                0x0800926c       0x28 ./USB_DEVICE/App/usbd_cdc_if.o
 .text.CDC_DeInit_HS
                0x08009294       0x10 ./USB_DEVICE/App/usbd_cdc_if.o
 .text.CDC_Control_HS
                0x080092a4       0xbc ./USB_DEVICE/App/usbd_cdc_if.o
 .text.CDC_Receive_HS
                0x08009360       0x34 ./USB_DEVICE/App/usbd_cdc_if.o
 .text.CDC_Transmit_HS
                0x08009394       0x4c ./USB_DEVICE/App/usbd_cdc_if.o
                0x08009394                CDC_Transmit_HS
 .text.CDC_TransmitCplt_HS
                0x080093e0       0x22 ./USB_DEVICE/App/usbd_cdc_if.o
 *fill*         0x08009402        0x2 
 .text.USBD_HS_DeviceDescriptor
                0x08009404       0x24 ./USB_DEVICE/App/usbd_desc.o
                0x08009404                USBD_HS_DeviceDescriptor
 .text.USBD_HS_LangIDStrDescriptor
                0x08009428       0x24 ./USB_DEVICE/App/usbd_desc.o
                0x08009428                USBD_HS_LangIDStrDescriptor
 .text.USBD_HS_ProductStrDescriptor
                0x0800944c       0x3c ./USB_DEVICE/App/usbd_desc.o
                0x0800944c                USBD_HS_ProductStrDescriptor
 .text.USBD_HS_ManufacturerStrDescriptor
                0x08009488       0x28 ./USB_DEVICE/App/usbd_desc.o
                0x08009488                USBD_HS_ManufacturerStrDescriptor
 .text.USBD_HS_SerialStrDescriptor
                0x080094b0       0x24 ./USB_DEVICE/App/usbd_desc.o
                0x080094b0                USBD_HS_SerialStrDescriptor
 .text.USBD_HS_ConfigStrDescriptor
                0x080094d4       0x3c ./USB_DEVICE/App/usbd_desc.o
                0x080094d4                USBD_HS_ConfigStrDescriptor
 .text.USBD_HS_InterfaceStrDescriptor
                0x08009510       0x3c ./USB_DEVICE/App/usbd_desc.o
                0x08009510                USBD_HS_InterfaceStrDescriptor
 .text.Get_SerialNum
                0x0800954c       0x58 ./USB_DEVICE/App/usbd_desc.o
 .text.IntToUnicode
                0x080095a4       0x7e ./USB_DEVICE/App/usbd_desc.o
 *fill*         0x08009622        0x2 
 .text.HAL_PCD_MspInit
                0x08009624       0x8c ./USB_DEVICE/Target/usbd_conf.o
                0x08009624                HAL_PCD_MspInit
 .text.HAL_PCD_SetupStageCallback
                0x080096b0       0x24 ./USB_DEVICE/Target/usbd_conf.o
                0x080096b0                HAL_PCD_SetupStageCallback
 .text.HAL_PCD_DataOutStageCallback
                0x080096d4       0x36 ./USB_DEVICE/Target/usbd_conf.o
                0x080096d4                HAL_PCD_DataOutStageCallback
 .text.HAL_PCD_DataInStageCallback
                0x0800970a       0x34 ./USB_DEVICE/Target/usbd_conf.o
                0x0800970a                HAL_PCD_DataInStageCallback
 .text.HAL_PCD_SOFCallback
                0x0800973e       0x1c ./USB_DEVICE/Target/usbd_conf.o
                0x0800973e                HAL_PCD_SOFCallback
 .text.HAL_PCD_ResetCallback
                0x0800975a       0x50 ./USB_DEVICE/Target/usbd_conf.o
                0x0800975a                HAL_PCD_ResetCallback
 *fill*         0x080097aa        0x2 
 .text.HAL_PCD_SuspendCallback
                0x080097ac       0x4c ./USB_DEVICE/Target/usbd_conf.o
                0x080097ac                HAL_PCD_SuspendCallback
 .text.HAL_PCD_ResumeCallback
                0x080097f8       0x1c ./USB_DEVICE/Target/usbd_conf.o
                0x080097f8                HAL_PCD_ResumeCallback
 .text.HAL_PCD_ISOOUTIncompleteCallback
                0x08009814       0x24 ./USB_DEVICE/Target/usbd_conf.o
                0x08009814                HAL_PCD_ISOOUTIncompleteCallback
 .text.HAL_PCD_ISOINIncompleteCallback
                0x08009838       0x24 ./USB_DEVICE/Target/usbd_conf.o
                0x08009838                HAL_PCD_ISOINIncompleteCallback
 .text.HAL_PCD_ConnectCallback
                0x0800985c       0x1c ./USB_DEVICE/Target/usbd_conf.o
                0x0800985c                HAL_PCD_ConnectCallback
 .text.HAL_PCD_DisconnectCallback
                0x08009878       0x1c ./USB_DEVICE/Target/usbd_conf.o
                0x08009878                HAL_PCD_DisconnectCallback
 .text.USBD_LL_Init
                0x08009894       0xa4 ./USB_DEVICE/Target/usbd_conf.o
                0x08009894                USBD_LL_Init
 .text.USBD_LL_Start
                0x08009938       0x36 ./USB_DEVICE/Target/usbd_conf.o
                0x08009938                USBD_LL_Start
 .text.USBD_LL_OpenEP
                0x0800996e       0x4c ./USB_DEVICE/Target/usbd_conf.o
                0x0800996e                USBD_LL_OpenEP
 .text.USBD_LL_CloseEP
                0x080099ba       0x3e ./USB_DEVICE/Target/usbd_conf.o
                0x080099ba                USBD_LL_CloseEP
 .text.USBD_LL_StallEP
                0x080099f8       0x3e ./USB_DEVICE/Target/usbd_conf.o
                0x080099f8                USBD_LL_StallEP
 .text.USBD_LL_ClearStallEP
                0x08009a36       0x3e ./USB_DEVICE/Target/usbd_conf.o
                0x08009a36                USBD_LL_ClearStallEP
 .text.USBD_LL_IsStallEP
                0x08009a74       0x58 ./USB_DEVICE/Target/usbd_conf.o
                0x08009a74                USBD_LL_IsStallEP
 .text.USBD_LL_SetUSBAddress
                0x08009acc       0x3e ./USB_DEVICE/Target/usbd_conf.o
                0x08009acc                USBD_LL_SetUSBAddress
 .text.USBD_LL_Transmit
                0x08009b0a       0x42 ./USB_DEVICE/Target/usbd_conf.o
                0x08009b0a                USBD_LL_Transmit
 .text.USBD_LL_PrepareReceive
                0x08009b4c       0x42 ./USB_DEVICE/Target/usbd_conf.o
                0x08009b4c                USBD_LL_PrepareReceive
 .text.USBD_LL_GetRxDataSize
                0x08009b8e       0x26 ./USB_DEVICE/Target/usbd_conf.o
                0x08009b8e                USBD_LL_GetRxDataSize
 .text.USBD_static_malloc
                0x08009bb4       0x1c ./USB_DEVICE/Target/usbd_conf.o
                0x08009bb4                USBD_static_malloc
 .text.USBD_static_free
                0x08009bd0       0x14 ./USB_DEVICE/Target/usbd_conf.o
                0x08009bd0                USBD_static_free
 .text.USBD_Get_USB_Status
                0x08009be4       0x58 ./USB_DEVICE/Target/usbd_conf.o
                0x08009be4                USBD_Get_USB_Status
 .text.memset   0x08009c3c       0x10 C:/ST/STM32CubeIDE_2.2.0/STM32CubeIDE/plugins/com.st.stm32cube.ide.mcu.externaltools.gnu-tools-for-stm32.14.3.rel1.win32_1.0.100.202602081740/tools/bin/../lib/gcc/arm-none-eabi/14.3.1/../../../../arm-none-eabi/lib/thumb/v7e-m+dp/hard\libc_nano.a(libc_a-memset.o)
                0x08009c3c                memset
 .text.__libc_init_array
                0x08009c4c       0x48 C:/ST/STM32CubeIDE_2.2.0/STM32CubeIDE/plugins/com.st.stm32cube.ide.mcu.externaltools.gnu-tools-for-stm32.14.3.rel1.win32_1.0.100.202602081740/tools/bin/../lib/gcc/arm-none-eabi/14.3.1/../../../../arm-none-eabi/lib/thumb/v7e-m+dp/hard\libc_nano.a(libc_a-init.o)
                0x08009c4c                __libc_init_array
 .text.memcpy   0x08009c94       0x1c C:/ST/STM32CubeIDE_2.2.0/STM32CubeIDE/plugins/com.st.stm32cube.ide.mcu.externaltools.gnu-tools-for-stm32.14.3.rel1.win32_1.0.100.202602081740/tools/bin/../lib/gcc/arm-none-eabi/14.3.1/../../../../arm-none-eabi/lib/thumb/v7e-m+dp/hard\libc_nano.a(libc_a-memcpy-stub.o)
                0x08009c94                memcpy
 *(.glue_7)
 .glue_7        0x08009cb0        0x0 linker stubs
 *(.glue_7t)
 .glue_7t       0x08009cb0        0x0 linker stubs
 *(.eh_frame)
 .eh_frame      0x08009cb0        0x0 C:/ST/STM32CubeIDE_2.2.0/STM32CubeIDE/plugins/com.st.stm32cube.ide.mcu.externaltools.gnu-tools-for-stm32.14.3.rel1.win32_1.0.100.202602081740/tools/bin/../lib/gcc/arm-none-eabi/14.3.1/thumb/v7e-m+dp/hard/crtbegin.o
 *(.init)
 .init          0x08009cb0        0x4 C:/ST/STM32CubeIDE_2.2.0/STM32CubeIDE/plugins/com.st.stm32cube.ide.mcu.externaltools.gnu-tools-for-stm32.14.3.rel1.win32_1.0.100.202602081740/tools/bin/../lib/gcc/arm-none-eabi/14.3.1/thumb/v7e-m+dp/hard/crti.o
                0x08009cb0                _init
 .init          0x08009cb4        0x8 C:/ST/STM32CubeIDE_2.2.0/STM32CubeIDE/plugins/com.st.stm32cube.ide.mcu.externaltools.gnu-tools-for-stm32.14.3.rel1.win32_1.0.100.202602081740/tools/bin/../lib/gcc/arm-none-eabi/14.3.1/thumb/v7e-m+dp/hard/crtn.o
 *(.fini)
 .fini          0x08009cbc        0x4 C:/ST/STM32CubeIDE_2.2.0/STM32CubeIDE/plugins/com.st.stm32cube.ide.mcu.externaltools.gnu-tools-for-stm32.14.3.rel1.win32_1.0.100.202602081740/tools/bin/../lib/gcc/arm-none-eabi/14.3.1/thumb/v7e-m+dp/hard/crti.o
                0x08009cbc                _fini
 .fini          0x08009cc0        0x8 C:/ST/STM32CubeIDE_2.2.0/STM32CubeIDE/plugins/com.st.stm32cube.ide.mcu.externaltools.gnu-tools-for-stm32.14.3.rel1.win32_1.0.100.202602081740/tools/bin/../lib/gcc/arm-none-eabi/14.3.1/thumb/v7e-m+dp/hard/crtn.o
                0x08009cc8                        . = ALIGN (0x4)
                0x08009cc8                        _etext = .

.vfp11_veneer   0x08009cc8        0x0
 .vfp11_veneer  0x08009cc8        0x0 linker stubs

.v4_bx          0x08009cc8        0x0
 .v4_bx         0x08009cc8        0x0 linker stubs

.iplt           0x08009cc8        0x0
 .iplt          0x08009cc8        0x0 C:/ST/STM32CubeIDE_2.2.0/STM32CubeIDE/plugins/com.st.stm32cube.ide.mcu.externaltools.gnu-tools-for-stm32.14.3.rel1.win32_1.0.100.202602081740/tools/bin/../lib/gcc/arm-none-eabi/14.3.1/thumb/v7e-m+dp/hard/crtbegin.o

.rodata         0x08009cc8       0x88
                0x08009cc8                        . = ALIGN (0x4)
 *(.rodata)
 *(.rodata*)
 .rodata.demo_pose
                0x08009cc8       0x30 ./Core/Src/fk723_hardware_stub.o
 .rodata.D1CorePrescTable
                0x08009cf8       0x10 ./Core/Src/system_stm32h7xx.o
                0x08009cf8                D1CorePrescTable
 .rodata.USBD_HS_ProductStrDescriptor.str1.4
                0x08009d08       0x46 ./USB_DEVICE/App/usbd_desc.o
                                 0x16 (size before relaxing)
 .rodata.USBD_HS_ManufacturerStrDescriptor.str1.4
                0x08009d4e       0x13 ./USB_DEVICE/App/usbd_desc.o
 .rodata.USBD_HS_ConfigStrDescriptor.str1.4
                0x08009d4e        0xb ./USB_DEVICE/App/usbd_desc.o
 .rodata.USBD_HS_InterfaceStrDescriptor.str1.4
                0x08009d4e        0xe ./USB_DEVICE/App/usbd_desc.o
                0x08009d64                        . = ALIGN (0x4)
 *fill*         0x08009d4e        0x2 

.ARM.extab
 *(.ARM.extab* .gnu.linkonce.armextab.*)

.ARM            0x08009d50        0x0
                0x08009d50                        __exidx_start = .
 *(.ARM.exidx*)
                0x08009d50                        __exidx_end = .

.preinit_array  0x08009d50        0x0
                0x08009d50                        PROVIDE (__preinit_array_start = .)
 *(.preinit_array*)
                0x08009d50                        PROVIDE (__preinit_array_end = .)

.init_array     0x08009d50        0x4
                0x08009d50                        PROVIDE (__init_array_start = .)
 *(SORT_BY_NAME(.init_array.*))
 *(.init_array*)
 .init_array    0x08009d50        0x4 C:/ST/STM32CubeIDE_2.2.0/STM32CubeIDE/plugins/com.st.stm32cube.ide.mcu.externaltools.gnu-tools-for-stm32.14.3.rel1.win32_1.0.100.202602081740/tools/bin/../lib/gcc/arm-none-eabi/14.3.1/thumb/v7e-m+dp/hard/crtbegin.o
                0x08009d54                        PROVIDE (__init_array_end = .)

.fini_array     0x08009d54        0x4
                [!provide]                        PROVIDE (__fini_array_start = .)
 *(SORT_BY_NAME(.fini_array.*))
 *(.fini_array*)
 .fini_array    0x08009d54        0x4 C:/ST/STM32CubeIDE_2.2.0/STM32CubeIDE/plugins/com.st.stm32cube.ide.mcu.externaltools.gnu-tools-for-stm32.14.3.rel1.win32_1.0.100.202602081740/tools/bin/../lib/gcc/arm-none-eabi/14.3.1/thumb/v7e-m+dp/hard/crtbegin.o
                [!provide]                        PROVIDE (__fini_array_end = .)
                0x08009d58                        _sidata = LOADADDR (.data)

.rel.dyn        0x08009d58        0x0
 .rel.iplt      0x08009d58        0x0 C:/ST/STM32CubeIDE_2.2.0/STM32CubeIDE/plugins/com.st.stm32cube.ide.mcu.externaltools.gnu-tools-for-stm32.14.3.rel1.win32_1.0.100.202602081740/tools/bin/../lib/gcc/arm-none-eabi/14.3.1/thumb/v7e-m+dp/hard/crtbegin.o

.data           0x24000000      0x104 load address 0x08009d58
                0x24000000                        . = ALIGN (0x4)
                0x24000000                        _sdata = .
 *(.data)
 *(.data*)
 .data.SystemCoreClock
                0x24000000        0x4 ./Core/Src/system_stm32h7xx.o
                0x24000000                SystemCoreClock
 .data.SystemD2Clock
                0x24000004        0x4 ./Core/Src/system_stm32h7xx.o
                0x24000004                SystemD2Clock
 .data.uwTickPrio
                0x24000008        0x4 ./Drivers/STM32H7xx_HAL_Driver/Src/stm32h7xx_hal.o
                0x24000008                uwTickPrio
 .data.uwTickFreq
                0x2400000c        0x1 ./Drivers/STM32H7xx_HAL_Driver/Src/stm32h7xx_hal.o
                0x2400000c                uwTickFreq
 *fill*         0x2400000d        0x3 
 .data.USBD_CDC_DeviceQualifierDesc
                0x24000010        0xa ./Middlewares/ST/STM32_USB_Device_Library/Class/CDC/Src/usbd_cdc.o
 *fill*         0x2400001a        0x2 
 .data.USBD_CDC
                0x2400001c       0x38 ./Middlewares/ST/STM32_USB_Device_Library/Class/CDC/Src/usbd_cdc.o
                0x2400001c                USBD_CDC
 .data.USBD_CDC_CfgDesc
                0x24000054       0x43 ./Middlewares/ST/STM32_USB_Device_Library/Class/CDC/Src/usbd_cdc.o
 .data.CDCInEpAdd
                0x24000097        0x1 ./Middlewares/ST/STM32_USB_Device_Library/Class/CDC/Src/usbd_cdc.o
 .data.CDCOutEpAdd
                0x24000098        0x1 ./Middlewares/ST/STM32_USB_Device_Library/Class/CDC/Src/usbd_cdc.o
 .data.CDCCmdEpAdd
                0x24000099        0x1 ./Middlewares/ST/STM32_USB_Device_Library/Class/CDC/Src/usbd_cdc.o
 *fill*         0x2400009a        0x2 
 .data.USBD_Interface_fops_HS
                0x2400009c       0x14 ./USB_DEVICE/App/usbd_cdc_if.o
                0x2400009c                USBD_Interface_fops_HS
 .data.HS_Desc  0x240000b0       0x20 ./USB_DEVICE/App/usbd_desc.o
                0x240000b0                HS_Desc
 .data.USBD_HS_DeviceDesc
                0x240000d0       0x12 ./USB_DEVICE/App/usbd_desc.o
                0x240000d0                USBD_HS_DeviceDesc
 *fill*         0x240000e2        0x2 
 .data.USBD_LangIDDesc
                0x240000e4        0x4 ./USB_DEVICE/App/usbd_desc.o
                0x240000e4                USBD_LangIDDesc
 .data.USBD_StringSerial
                0x240000e8       0x1a ./USB_DEVICE/App/usbd_desc.o
                0x240000e8                USBD_StringSerial
 *(.RamFunc)
 *(.RamFunc*)
                0x24000104                        . = ALIGN (0x4)
 *fill*         0x24000102        0x2 
                0x24000104                        _edata = .

.igot.plt       0x24000104        0x0 load address 0x08009e5c
 .igot.plt      0x24000104        0x0 C:/ST/STM32CubeIDE_2.2.0/STM32CubeIDE/plugins/com.st.stm32cube.ide.mcu.externaltools.gnu-tools-for-stm32.14.3.rel1.win32_1.0.100.202602081740/tools/bin/../lib/gcc/arm-none-eabi/14.3.1/thumb/v7e-m+dp/hard/crtbegin.o
                0x24000104                        . = ALIGN (0x4)

.bss            0x24000104     0x1f80 load address 0x08009e5c
                0x24000104                        _sbss = .
                0x24000104                        __bss_start__ = _sbss
 *(.bss)
 .bss           0x24000104       0x1c C:/ST/STM32CubeIDE_2.2.0/STM32CubeIDE/plugins/com.st.stm32cube.ide.mcu.externaltools.gnu-tools-for-stm32.14.3.rel1.win32_1.0.100.202602081740/tools/bin/../lib/gcc/arm-none-eabi/14.3.1/thumb/v7e-m+dp/hard/crtbegin.o
 *(.bss*)
 .bss.active_command
                0x24000120       0x40 ./Core/Src/fk723_robot_app.o
 .bss.state_transmit_due
                0x24000160        0x1 ./Core/Src/fk723_robot_app.o
 .bss.command_fresh
                0x24000161        0x1 ./Core/Src/fk723_robot_app.o
 .bss.state_divider
                0x24000162        0x1 ./Core/Src/fk723_robot_app.o
 *fill*         0x24000163        0x1 
 .bss.rx_frame  0x24000164      0x20a ./Core/Src/jetson_protocol.o
 .bss.rx_length
                0x2400036e        0x2 ./Core/Src/jetson_protocol.o
 .bss.rx_expected_length
                0x24000370        0x2 ./Core/Src/jetson_protocol.o
 *fill*         0x24000372        0x2 
 .bss.latest_command
                0x24000374       0x40 ./Core/Src/jetson_protocol.o
 .bss.latest_command_ms
                0x240003b4        0x4 ./Core/Src/jetson_protocol.o
 .bss.command_available
                0x240003b8        0x1 ./Core/Src/jetson_protocol.o
 *fill*         0x240003b9        0x3 
 .bss.crc_error_count
                0x240003bc        0x4 ./Core/Src/jetson_protocol.o
 .bss.tx_sequence
                0x240003c0        0x2 ./Core/Src/jetson_protocol.o
 *fill*         0x240003c2        0x2 
 .bss.state_frame
                0x240003c4       0x8a ./Core/Src/jetson_usb_cdc.o
 *fill*         0x2400044e        0x2 
 .bss.htim6     0x24000450       0x4c ./Core/Src/tim.o
                0x24000450                htim6
 .bss.uwTick    0x2400049c        0x4 ./Drivers/STM32H7xx_HAL_Driver/Src/stm32h7xx_hal.o
                0x2400049c                uwTick
 .bss.cfgidx.0  0x240004a0        0x1 ./Middlewares/ST/STM32_USB_Device_Library/Core/Src/usbd_ctlreq.o
 *fill*         0x240004a1        0x3 
 .bss.hUsbDeviceHS
                0x240004a4      0x2dc ./USB_DEVICE/App/usb_device.o
                0x240004a4                hUsbDeviceHS
 .bss.UserRxBufferHS
                0x24000780      0x800 ./USB_DEVICE/App/usbd_cdc_if.o
                0x24000780                UserRxBufferHS
 .bss.UserTxBufferHS
                0x24000f80      0x800 ./USB_DEVICE/App/usbd_cdc_if.o
                0x24000f80                UserTxBufferHS
 .bss.USBD_StrDesc
                0x24001780      0x200 ./USB_DEVICE/App/usbd_desc.o
                0x24001780                USBD_StrDesc
 .bss.hpcd_USB_OTG_HS
                0x24001980      0x4e4 ./USB_DEVICE/Target/usbd_conf.o
                0x24001980                hpcd_USB_OTG_HS
 .bss.mem.0     0x24001e64      0x220 ./USB_DEVICE/Target/usbd_conf.o
 *(COMMON)
                0x24002084                        . = ALIGN (0x4)
                0x24002084                        _ebss = .
                0x24002084                        __bss_end__ = _ebss

._user_heap_stack
                0x24002084      0x604 load address 0x08009e5c
                0x24002088                        . = ALIGN (0x8)
 *fill*         0x24002084        0x4 
                [!provide]                        PROVIDE (end = .)
                0x24002088                        PROVIDE (_end = .)
                0x24002288                        . = (. + _Min_Heap_Size)
 *fill*         0x24002088      0x200 
                0x24002688                        . = (. + _Min_Stack_Size)
 *fill*         0x24002288      0x400 
                0x24002688                        . = ALIGN (0x8)

/DISCARD/
 libc.a(*)
 libm.a(*)
 libgcc.a(*)

.ARM.attributes
                0x00000000       0x2e
 *(.ARM.attributes)
 .ARM.attributes
                0x00000000       0x20 C:/ST/STM32CubeIDE_2.2.0/STM32CubeIDE/plugins/com.st.stm32cube.ide.mcu.externaltools.gnu-tools-for-stm32.14.3.rel1.win32_1.0.100.202602081740/tools/bin/../lib/gcc/arm-none-eabi/14.3.1/thumb/v7e-m+dp/hard/crti.o
 .ARM.attributes
                0x00000020       0x32 C:/ST/STM32CubeIDE_2.2.0/STM32CubeIDE/plugins/com.st.stm32cube.ide.mcu.externaltools.gnu-tools-for-stm32.14.3.rel1.win32_1.0.100.202602081740/tools/bin/../lib/gcc/arm-none-eabi/14.3.1/thumb/v7e-m+dp/hard/crtbegin.o
 .ARM.attributes
                0x00000052       0x32 ./Core/Src/fk723_hardware_stub.o
 .ARM.attributes
                0x00000084       0x32 ./Core/Src/fk723_robot_app.o
 .ARM.attributes
                0x000000b6       0x32 ./Core/Src/gpio.o
 .ARM.attributes
                0x000000e8       0x32 ./Core/Src/jetson_protocol.o
 .ARM.attributes
                0x0000011a       0x32 ./Core/Src/jetson_usb_cdc.o
 .ARM.attributes
                0x0000014c       0x32 ./Core/Src/main.o
 .ARM.attributes
                0x0000017e       0x32 ./Core/Src/stm32h7xx_hal_msp.o
 .ARM.attributes
                0x000001b0       0x32 ./Core/Src/stm32h7xx_it.o
 .ARM.attributes
                0x000001e2       0x32 ./Core/Src/system_stm32h7xx.o
 .ARM.attributes
                0x00000214       0x32 ./Core/Src/tim.o
 .ARM.attributes
                0x00000246       0x21 ./Core/Startup/startup_stm32h723zgtx.o
 .ARM.attributes
                0x00000267       0x32 ./Drivers/STM32H7xx_HAL_Driver/Src/stm32h7xx_hal.o
 .ARM.attributes
                0x00000299       0x32 ./Drivers/STM32H7xx_HAL_Driver/Src/stm32h7xx_hal_cortex.o
 .ARM.attributes
                0x000002cb       0x32 ./Drivers/STM32H7xx_HAL_Driver/Src/stm32h7xx_hal_gpio.o
 .ARM.attributes
                0x000002fd       0x32 ./Drivers/STM32H7xx_HAL_Driver/Src/stm32h7xx_hal_pcd.o
 .ARM.attributes
                0x0000032f       0x32 ./Drivers/STM32H7xx_HAL_Driver/Src/stm32h7xx_hal_pcd_ex.o
 .ARM.attributes
                0x00000361       0x32 ./Drivers/STM32H7xx_HAL_Driver/Src/stm32h7xx_hal_pwr_ex.o
 .ARM.attributes
                0x00000393       0x32 ./Drivers/STM32H7xx_HAL_Driver/Src/stm32h7xx_hal_rcc.o
 .ARM.attributes
                0x000003c5       0x32 ./Drivers/STM32H7xx_HAL_Driver/Src/stm32h7xx_hal_rcc_ex.o
 .ARM.attributes
                0x000003f7       0x32 ./Drivers/STM32H7xx_HAL_Driver/Src/stm32h7xx_hal_tim.o
 .ARM.attributes
                0x00000429       0x32 ./Drivers/STM32H7xx_HAL_Driver/Src/stm32h7xx_hal_tim_ex.o
 .ARM.attributes
                0x0000045b       0x32 ./Drivers/STM32H7xx_HAL_Driver/Src/stm32h7xx_ll_usb.o
 .ARM.attributes
                0x0000048d       0x32 ./Middlewares/ST/STM32_USB_Device_Library/Class/CDC/Src/usbd_cdc.o
 .ARM.attributes
                0x000004bf       0x32 ./Middlewares/ST/STM32_USB_Device_Library/Core/Src/usbd_core.o
 .ARM.attributes
                0x000004f1       0x32 ./Middlewares/ST/STM32_USB_Device_Library/Core/Src/usbd_ctlreq.o
 .ARM.attributes
                0x00000523       0x32 ./Middlewares/ST/STM32_USB_Device_Library/Core/Src/usbd_ioreq.o
 .ARM.attributes
                0x00000555       0x32 ./USB_DEVICE/App/usb_device.o
 .ARM.attributes
                0x00000587       0x32 ./USB_DEVICE/App/usbd_cdc_if.o
 .ARM.attributes
                0x000005b9       0x32 ./USB_DEVICE/App/usbd_desc.o
 .ARM.attributes
                0x000005eb       0x32 ./USB_DEVICE/Target/usbd_conf.o
 .ARM.attributes
                0x0000061d       0x32 C:/ST/STM32CubeIDE_2.2.0/STM32CubeIDE/plugins/com.st.stm32cube.ide.mcu.externaltools.gnu-tools-for-stm32.14.3.rel1.win32_1.0.100.202602081740/tools/bin/../lib/gcc/arm-none-eabi/14.3.1/../../../../arm-none-eabi/lib/thumb/v7e-m+dp/hard\libc_nano.a(libc_a-memset.o)
 .ARM.attributes
                0x0000064f       0x32 C:/ST/STM32CubeIDE_2.2.0/STM32CubeIDE/plugins/com.st.stm32cube.ide.mcu.externaltools.gnu-tools-for-stm32.14.3.rel1.win32_1.0.100.202602081740/tools/bin/../lib/gcc/arm-none-eabi/14.3.1/../../../../arm-none-eabi/lib/thumb/v7e-m+dp/hard\libc_nano.a(libc_a-init.o)
 .ARM.attributes
                0x00000681       0x32 C:/ST/STM32CubeIDE_2.2.0/STM32CubeIDE/plugins/com.st.stm32cube.ide.mcu.externaltools.gnu-tools-for-stm32.14.3.rel1.win32_1.0.100.202602081740/tools/bin/../lib/gcc/arm-none-eabi/14.3.1/../../../../arm-none-eabi/lib/thumb/v7e-m+dp/hard\libc_nano.a(libc_a-memcpy-stub.o)
 .ARM.attributes
                0x000006b3       0x20 C:/ST/STM32CubeIDE_2.2.0/STM32CubeIDE/plugins/com.st.stm32cube.ide.mcu.externaltools.gnu-tools-for-stm32.14.3.rel1.win32_1.0.100.202602081740/tools/bin/../lib/gcc/arm-none-eabi/14.3.1/thumb/v7e-m+dp/hard/crtn.o
OUTPUT(communication_with_nano_test.elf elf32-littlearm)
LOAD linker stubs
LOAD C:/ST/STM32CubeIDE_2.2.0/STM32CubeIDE/plugins/com.st.stm32cube.ide.mcu.externaltools.gnu-tools-for-stm32.14.3.rel1.win32_1.0.100.202602081740/tools/bin/../lib/gcc/arm-none-eabi/14.3.1/../../../../arm-none-eabi/lib/thumb/v7e-m+dp/hard\libc.a
LOAD C:/ST/STM32CubeIDE_2.2.0/STM32CubeIDE/plugins/com.st.stm32cube.ide.mcu.externaltools.gnu-tools-for-stm32.14.3.rel1.win32_1.0.100.202602081740/tools/bin/../lib/gcc/arm-none-eabi/14.3.1/../../../../arm-none-eabi/lib/thumb/v7e-m+dp/hard\libm.a
LOAD C:/ST/STM32CubeIDE_2.2.0/STM32CubeIDE/plugins/com.st.stm32cube.ide.mcu.externaltools.gnu-tools-for-stm32.14.3.rel1.win32_1.0.100.202602081740/tools/bin/../lib/gcc/arm-none-eabi/14.3.1/thumb/v7e-m+dp/hard\libgcc.a

.debug_info     0x00000000    0x1a191
 .debug_info    0x00000000      0x276 ./Core/Src/fk723_hardware_stub.o
 .debug_info    0x00000276      0xc14 ./Core/Src/fk723_robot_app.o
 .debug_info    0x00000e8a      0x634 ./Core/Src/gpio.o
 .debug_info    0x000014be      0x5ce ./Core/Src/jetson_protocol.o
 .debug_info    0x00001a8c      0x7e8 ./Core/Src/jetson_usb_cdc.o
 .debug_info    0x00002274      0xa08 ./Core/Src/main.o
 .debug_info    0x00002c7c      0x464 ./Core/Src/stm32h7xx_hal_msp.o
 .debug_info    0x000030e0      0xd79 ./Core/Src/stm32h7xx_it.o
 .debug_info    0x00003e59      0xbff ./Core/Src/system_stm32h7xx.o
 .debug_info    0x00004a58     0x1028 ./Core/Src/tim.o
 .debug_info    0x00005a80       0x30 ./Core/Startup/startup_stm32h723zgtx.o
 .debug_info    0x00005ab0     0x1698 ./Drivers/STM32H7xx_HAL_Driver/Src/stm32h7xx_hal.o
 .debug_info    0x00007148     0x10b2 ./Drivers/STM32H7xx_HAL_Driver/Src/stm32h7xx_hal_cortex.o
 .debug_info    0x000081fa      0xc6b ./Drivers/STM32H7xx_HAL_Driver/Src/stm32h7xx_hal_gpio.o
 .debug_info    0x00008e65     0x1561 ./Drivers/STM32H7xx_HAL_Driver/Src/stm32h7xx_hal_pcd.o
 .debug_info    0x0000a3c6      0x8b3 ./Drivers/STM32H7xx_HAL_Driver/Src/stm32h7xx_hal_pcd_ex.o
 .debug_info    0x0000ac79      0xddb ./Drivers/STM32H7xx_HAL_Driver/Src/stm32h7xx_hal_pwr_ex.o
 .debug_info    0x0000ba54      0xd8c ./Drivers/STM32H7xx_HAL_Driver/Src/stm32h7xx_hal_rcc.o
 .debug_info    0x0000c7e0     0x120b ./Drivers/STM32H7xx_HAL_Driver/Src/stm32h7xx_hal_rcc_ex.o
 .debug_info    0x0000d9eb     0x2bae ./Drivers/STM32H7xx_HAL_Driver/Src/stm32h7xx_hal_tim.o
 .debug_info    0x00010599     0x18c1 ./Drivers/STM32H7xx_HAL_Driver/Src/stm32h7xx_hal_tim_ex.o
 .debug_info    0x00011e5a     0x1608 ./Drivers/STM32H7xx_HAL_Driver/Src/stm32h7xx_ll_usb.o
 .debug_info    0x00013462     0x133f ./Middlewares/ST/STM32_USB_Device_Library/Class/CDC/Src/usbd_cdc.o
 .debug_info    0x000147a1      0xe2d ./Middlewares/ST/STM32_USB_Device_Library/Core/Src/usbd_core.o
 .debug_info    0x000155ce      0xb06 ./Middlewares/ST/STM32_USB_Device_Library/Core/Src/usbd_ctlreq.o
 .debug_info    0x000160d4      0x77d ./Middlewares/ST/STM32_USB_Device_Library/Core/Src/usbd_ioreq.o
 .debug_info    0x00016851      0x732 ./USB_DEVICE/App/usb_device.o
 .debug_info    0x00016f83      0x939 ./USB_DEVICE/App/usbd_cdc_if.o
 .debug_info    0x000178bc      0x4c5 ./USB_DEVICE/App/usbd_desc.o
 .debug_info    0x00017d81     0x2410 ./USB_DEVICE/Target/usbd_conf.o

.debug_abbrev   0x00000000     0x4185
 .debug_abbrev  0x00000000      0x164 ./Core/Src/fk723_hardware_stub.o
 .debug_abbrev  0x00000164      0x25d ./Core/Src/fk723_robot_app.o
 .debug_abbrev  0x000003c1      0x189 ./Core/Src/gpio.o
 .debug_abbrev  0x0000054a      0x1f9 ./Core/Src/jetson_protocol.o
 .debug_abbrev  0x00000743      0x20d ./Core/Src/jetson_usb_cdc.o
 .debug_abbrev  0x00000950      0x296 ./Core/Src/main.o
 .debug_abbrev  0x00000be6       0xdb ./Core/Src/stm32h7xx_hal_msp.o
 .debug_abbrev  0x00000cc1      0x1e7 ./Core/Src/stm32h7xx_it.o
 .debug_abbrev  0x00000ea8      0x153 ./Core/Src/system_stm32h7xx.o
 .debug_abbrev  0x00000ffb      0x215 ./Core/Src/tim.o
 .debug_abbrev  0x00001210       0x24 ./Core/Startup/startup_stm32h723zgtx.o
 .debug_abbrev  0x00001234      0x29e ./Drivers/STM32H7xx_HAL_Driver/Src/stm32h7xx_hal.o
 .debug_abbrev  0x000014d2      0x339 ./Drivers/STM32H7xx_HAL_Driver/Src/stm32h7xx_hal_cortex.o
 .debug_abbrev  0x0000180b      0x205 ./Drivers/STM32H7xx_HAL_Driver/Src/stm32h7xx_hal_gpio.o
 .debug_abbrev  0x00001a10      0x2dc ./Drivers/STM32H7xx_HAL_Driver/Src/stm32h7xx_hal_pcd.o
 .debug_abbrev  0x00001cec      0x256 ./Drivers/STM32H7xx_HAL_Driver/Src/stm32h7xx_hal_pcd_ex.o
 .debug_abbrev  0x00001f42      0x295 ./Drivers/STM32H7xx_HAL_Driver/Src/stm32h7xx_hal_pwr_ex.o
 .debug_abbrev  0x000021d7      0x2b1 ./Drivers/STM32H7xx_HAL_Driver/Src/stm32h7xx_hal_rcc.o
 .debug_abbrev  0x00002488      0x269 ./Drivers/STM32H7xx_HAL_Driver/Src/stm32h7xx_hal_rcc_ex.o
 .debug_abbrev  0x000026f1      0x276 ./Drivers/STM32H7xx_HAL_Driver/Src/stm32h7xx_hal_tim.o
 .debug_abbrev  0x00002967      0x296 ./Drivers/STM32H7xx_HAL_Driver/Src/stm32h7xx_hal_tim_ex.o
 .debug_abbrev  0x00002bfd      0x2b2 ./Drivers/STM32H7xx_HAL_Driver/Src/stm32h7xx_ll_usb.o
 .debug_abbrev  0x00002eaf      0x2d2 ./Middlewares/ST/STM32_USB_Device_Library/Class/CDC/Src/usbd_cdc.o
 .debug_abbrev  0x00003181      0x27c ./Middlewares/ST/STM32_USB_Device_Library/Core/Src/usbd_core.o
 .debug_abbrev  0x000033fd      0x26f ./Middlewares/ST/STM32_USB_Device_Library/Core/Src/usbd_ctlreq.o
 .debug_abbrev  0x0000366c      0x19a ./Middlewares/ST/STM32_USB_Device_Library/Core/Src/usbd_ioreq.o
 .debug_abbrev  0x00003806      0x1a8 ./USB_DEVICE/App/usb_device.o
 .debug_abbrev  0x000039ae      0x2b2 ./USB_DEVICE/App/usbd_cdc_if.o
 .debug_abbrev  0x00003c60      0x1f5 ./USB_DEVICE/App/usbd_desc.o
 .debug_abbrev  0x00003e55      0x330 ./USB_DEVICE/Target/usbd_conf.o

.debug_aranges  0x00000000     0x1588
 .debug_aranges
                0x00000000       0x70 ./Core/Src/fk723_hardware_stub.o
 .debug_aranges
                0x00000070       0x48 ./Core/Src/fk723_robot_app.o
 .debug_aranges
                0x000000b8       0x20 ./Core/Src/gpio.o
 .debug_aranges
                0x000000d8       0x60 ./Core/Src/jetson_protocol.o
 .debug_aranges
                0x00000138       0x28 ./Core/Src/jetson_usb_cdc.o
 .debug_aranges
                0x00000160       0x38 ./Core/Src/main.o
 .debug_aranges
                0x00000198       0x20 ./Core/Src/stm32h7xx_hal_msp.o
 .debug_aranges
                0x000001b8       0x70 ./Core/Src/stm32h7xx_it.o
 .debug_aranges
                0x00000228       0x30 ./Core/Src/system_stm32h7xx.o
 .debug_aranges
                0x00000258       0x30 ./Core/Src/tim.o
 .debug_aranges
                0x00000288       0x28 ./Core/Startup/startup_stm32h723zgtx.o
 .debug_aranges
                0x000002b0      0x1c8 ./Drivers/STM32H7xx_HAL_Driver/Src/stm32h7xx_hal.o
 .debug_aranges
                0x00000478      0x130 ./Drivers/STM32H7xx_HAL_Driver/Src/stm32h7xx_hal_cortex.o
 .debug_aranges
                0x000005a8       0x58 ./Drivers/STM32H7xx_HAL_Driver/Src/stm32h7xx_hal_gpio.o
 .debug_aranges
                0x00000600      0x140 ./Drivers/STM32H7xx_HAL_Driver/Src/stm32h7xx_hal_pcd.o
 .debug_aranges
                0x00000740       0x60 ./Drivers/STM32H7xx_HAL_Driver/Src/stm32h7xx_hal_pcd_ex.o
 .debug_aranges
                0x000007a0      0x148 ./Drivers/STM32H7xx_HAL_Driver/Src/stm32h7xx_hal_pwr_ex.o
 .debug_aranges
                0x000008e8       0x88 ./Drivers/STM32H7xx_HAL_Driver/Src/stm32h7xx_hal_rcc.o
 .debug_aranges
                0x00000970       0xf8 ./Drivers/STM32H7xx_HAL_Driver/Src/stm32h7xx_hal_rcc_ex.o
 .debug_aranges
                0x00000a68      0x3e0 ./Drivers/STM32H7xx_HAL_Driver/Src/stm32h7xx_hal_tim.o
 .debug_aranges
                0x00000e48      0x198 ./Drivers/STM32H7xx_HAL_Driver/Src/stm32h7xx_hal_tim_ex.o
 .debug_aranges
                0x00000fe0      0x180 ./Drivers/STM32H7xx_HAL_Driver/Src/stm32h7xx_ll_usb.o
 .debug_aranges
                0x00001160       0x90 ./Middlewares/ST/STM32_USB_Device_Library/Class/CDC/Src/usbd_cdc.o
 .debug_aranges
                0x000011f0       0xd8 ./Middlewares/ST/STM32_USB_Device_Library/Core/Src/usbd_core.o
 .debug_aranges
                0x000012c8       0x90 ./Middlewares/ST/STM32_USB_Device_Library/Core/Src/usbd_ctlreq.o
 .debug_aranges
                0x00001358       0x50 ./Middlewares/ST/STM32_USB_Device_Library/Core/Src/usbd_ioreq.o
 .debug_aranges
                0x000013a8       0x20 ./USB_DEVICE/App/usb_device.o
 .debug_aranges
                0x000013c8       0x48 ./USB_DEVICE/App/usbd_cdc_if.o
 .debug_aranges
                0x00001410       0x68 ./USB_DEVICE/App/usbd_desc.o
 .debug_aranges
                0x00001478      0x110 ./USB_DEVICE/Target/usbd_conf.o

.debug_rnglists
                0x00000000     0x104f
 .debug_rnglists
                0x00000000       0x4f ./Core/Src/fk723_hardware_stub.o
 .debug_rnglists
                0x0000004f       0x33 ./Core/Src/fk723_robot_app.o
 .debug_rnglists
                0x00000082       0x14 ./Core/Src/gpio.o
 .debug_rnglists
                0x00000096       0x46 ./Core/Src/jetson_protocol.o
 .debug_rnglists
                0x000000dc       0x19 ./Core/Src/jetson_usb_cdc.o
 .debug_rnglists
                0x000000f5       0x27 ./Core/Src/main.o
 .debug_rnglists
                0x0000011c       0x13 ./Core/Src/stm32h7xx_hal_msp.o
 .debug_rnglists
                0x0000012f       0x4f ./Core/Src/stm32h7xx_it.o
 .debug_rnglists
                0x0000017e       0x21 ./Core/Src/system_stm32h7xx.o
 .debug_rnglists
                0x0000019f       0x1f ./Core/Src/tim.o
 .debug_rnglists
                0x000001be       0x19 ./Core/Startup/startup_stm32h723zgtx.o
 .debug_rnglists
                0x000001d7      0x155 ./Drivers/STM32H7xx_HAL_Driver/Src/stm32h7xx_hal.o
 .debug_rnglists
                0x0000032c       0xe0 ./Drivers/STM32H7xx_HAL_Driver/Src/stm32h7xx_hal_cortex.o
 .debug_rnglists
                0x0000040c       0x3f ./Drivers/STM32H7xx_HAL_Driver/Src/stm32h7xx_hal_gpio.o
 .debug_rnglists
                0x0000044b       0xf4 ./Drivers/STM32H7xx_HAL_Driver/Src/stm32h7xx_hal_pcd.o
 .debug_rnglists
                0x0000053f       0x45 ./Drivers/STM32H7xx_HAL_Driver/Src/stm32h7xx_hal_pcd_ex.o
 .debug_rnglists
                0x00000584       0xf5 ./Drivers/STM32H7xx_HAL_Driver/Src/stm32h7xx_hal_pwr_ex.o
 .debug_rnglists
                0x00000679       0x68 ./Drivers/STM32H7xx_HAL_Driver/Src/stm32h7xx_hal_rcc.o
 .debug_rnglists
                0x000006e1       0xc0 ./Drivers/STM32H7xx_HAL_Driver/Src/stm32h7xx_hal_rcc_ex.o
 .debug_rnglists
                0x000007a1      0x32c ./Drivers/STM32H7xx_HAL_Driver/Src/stm32h7xx_hal_tim.o
 .debug_rnglists
                0x00000acd      0x14d ./Drivers/STM32H7xx_HAL_Driver/Src/stm32h7xx_hal_tim_ex.o
 .debug_rnglists
                0x00000c1a      0x12c ./Drivers/STM32H7xx_HAL_Driver/Src/stm32h7xx_ll_usb.o
 .debug_rnglists
                0x00000d46       0x6c ./Middlewares/ST/STM32_USB_Device_Library/Class/CDC/Src/usbd_cdc.o
 .debug_rnglists
                0x00000db2       0xa1 ./Middlewares/ST/STM32_USB_Device_Library/Core/Src/usbd_core.o
 .debug_rnglists
                0x00000e53       0x6e ./Middlewares/ST/STM32_USB_Device_Library/Core/Src/usbd_ctlreq.o
 .debug_rnglists
                0x00000ec1       0x37 ./Middlewares/ST/STM32_USB_Device_Library/Core/Src/usbd_ioreq.o
 .debug_rnglists
                0x00000ef8       0x13 ./USB_DEVICE/App/usb_device.o
 .debug_rnglists
                0x00000f0b       0x32 ./USB_DEVICE/App/usbd_cdc_if.o
 .debug_rnglists
                0x00000f3d       0x49 ./USB_DEVICE/App/usbd_desc.o
 .debug_rnglists
                0x00000f86       0xc9 ./USB_DEVICE/Target/usbd_conf.o

.debug_macro    0x00000000    0x36592
 .debug_macro   0x00000000      0x316 ./Core/Src/fk723_hardware_stub.o
 .debug_macro   0x00000316      0xaf6 ./Core/Src/fk723_hardware_stub.o
 .debug_macro   0x00000e0c      0x238 ./Core/Src/fk723_hardware_stub.o
 .debug_macro   0x00001044       0x2e ./Core/Src/fk723_hardware_stub.o
 .debug_macro   0x00001072       0x3b ./Core/Src/fk723_hardware_stub.o
 .debug_macro   0x000010ad       0x22 ./Core/Src/fk723_hardware_stub.o
 .debug_macro   0x000010cf       0x8e ./Core/Src/fk723_hardware_stub.o
 .debug_macro   0x0000115d       0x51 ./Core/Src/fk723_hardware_stub.o
 .debug_macro   0x000011ae      0x103 ./Core/Src/fk723_hardware_stub.o
 .debug_macro   0x000012b1       0x6a ./Core/Src/fk723_hardware_stub.o
 .debug_macro   0x0000131b      0x1df ./Core/Src/fk723_hardware_stub.o
 .debug_macro   0x000014fa       0x1c ./Core/Src/fk723_hardware_stub.o
 .debug_macro   0x00001516       0x22 ./Core/Src/fk723_hardware_stub.o
 .debug_macro   0x00001538       0xfb ./Core/Src/fk723_hardware_stub.o
 .debug_macro   0x00001633     0x1313 ./Core/Src/fk723_hardware_stub.o
 .debug_macro   0x00002946      0x11f ./Core/Src/fk723_hardware_stub.o
 .debug_macro   0x00002a65       0x22 ./Core/Src/fk723_hardware_stub.o
 .debug_macro   0x00002a87    0x216c1 ./Core/Src/fk723_hardware_stub.o
 .debug_macro   0x00024148       0x6d ./Core/Src/fk723_hardware_stub.o
 .debug_macro   0x000241b5     0x3d64 ./Core/Src/fk723_hardware_stub.o
 .debug_macro   0x00027f19      0x190 ./Core/Src/fk723_hardware_stub.o
 .debug_macro   0x000280a9       0x61 ./Core/Src/fk723_hardware_stub.o
 .debug_macro   0x0002810a       0x29 ./Core/Src/fk723_hardware_stub.o
 .debug_macro   0x00028133       0x43 ./Core/Src/fk723_hardware_stub.o
 .debug_macro   0x00028176       0x34 ./Core/Src/fk723_hardware_stub.o
 .debug_macro   0x000281aa      0x364 ./Core/Src/fk723_hardware_stub.o
 .debug_macro   0x0002850e       0x16 ./Core/Src/fk723_hardware_stub.o
 .debug_macro   0x00028524       0x4a ./Core/Src/fk723_hardware_stub.o
 .debug_macro   0x0002856e       0x34 ./Core/Src/fk723_hardware_stub.o
 .debug_macro   0x000285a2       0x10 ./Core/Src/fk723_hardware_stub.o
 .debug_macro   0x000285b2       0x58 ./Core/Src/fk723_hardware_stub.o
 .debug_macro   0x0002860a       0x8e ./Core/Src/fk723_hardware_stub.o
 .debug_macro   0x00028698       0x1c ./Core/Src/fk723_hardware_stub.o
 .debug_macro   0x000286b4      0x17e ./Core/Src/fk723_hardware_stub.o
 .debug_macro   0x00028832      0x19b ./Core/Src/fk723_hardware_stub.o
 .debug_macro   0x000289cd       0x5d ./Core/Src/fk723_hardware_stub.o
 .debug_macro   0x00028a2a     0x2462 ./Core/Src/fk723_hardware_stub.o
 .debug_macro   0x0002ae8c     0x1079 ./Core/Src/fk723_hardware_stub.o
 .debug_macro   0x0002bf05      0x154 ./Core/Src/fk723_hardware_stub.o
 .debug_macro   0x0002c059      0x114 ./Core/Src/fk723_hardware_stub.o
 .debug_macro   0x0002c16d      0x3fc ./Core/Src/fk723_hardware_stub.o
 .debug_macro   0x0002c569       0xac ./Core/Src/fk723_hardware_stub.o
 .debug_macro   0x0002c615      0x788 ./Core/Src/fk723_hardware_stub.o
 .debug_macro   0x0002cd9d      0x228 ./Core/Src/fk723_hardware_stub.o
 .debug_macro   0x0002cfc5       0x66 ./Core/Src/fk723_hardware_stub.o
 .debug_macro   0x0002d02b      0x3a6 ./Core/Src/fk723_hardware_stub.o
 .debug_macro   0x0002d3d1      0x3f9 ./Core/Src/fk723_hardware_stub.o
 .debug_macro   0x0002d7ca      0x275 ./Core/Src/fk723_hardware_stub.o
 .debug_macro   0x0002da3f      0x3ca ./Core/Src/fk723_hardware_stub.o
 .debug_macro   0x0002de09      0x45c ./Core/Src/fk723_hardware_stub.o
 .debug_macro   0x0002e265       0x3c ./Core/Src/fk723_hardware_stub.o
 .debug_macro   0x0002e2a1       0x4a ./Core/Src/fk723_hardware_stub.o
 .debug_macro   0x0002e2eb      0x22c ./Core/Src/fk723_hardware_stub.o
 .debug_macro   0x0002e517       0x67 ./Core/Src/fk723_hardware_stub.o
 .debug_macro   0x0002e57e       0xa5 ./Core/Src/fk723_hardware_stub.o
 .debug_macro   0x0002e623      0x1c4 ./Core/Src/fk723_hardware_stub.o
 .debug_macro   0x0002e7e7      0x22a ./Core/Src/fk723_hardware_stub.o
 .debug_macro   0x0002ea11       0x35 ./Core/Src/fk723_hardware_stub.o
 .debug_macro   0x0002ea46      0xb24 ./Core/Src/fk723_hardware_stub.o
 .debug_macro   0x0002f56a      0x29f ./Core/Src/fk723_hardware_stub.o
 .debug_macro   0x0002f809      0x2b6 ./Core/Src/fk723_hardware_stub.o
 .debug_macro   0x0002fabf       0x90 ./Core/Src/fk723_hardware_stub.o
 .debug_macro   0x0002fb4f      0x5f2 ./Core/Src/fk723_hardware_stub.o
 .debug_macro   0x00030141       0x22 ./Core/Src/fk723_hardware_stub.o
 .debug_macro   0x00030163       0x52 ./Core/Src/fk723_hardware_stub.o
 .debug_macro   0x000301b5       0x16 ./Core/Src/fk723_hardware_stub.o
 .debug_macro   0x000301cb       0x3c ./Core/Src/fk723_hardware_stub.o
 .debug_macro   0x00030207       0x20 ./Core/Src/fk723_hardware_stub.o
 .debug_macro   0x00030227      0x357 ./Core/Src/fk723_robot_app.o
 .debug_macro   0x0003057e       0x16 ./Core/Src/fk723_robot_app.o
 .debug_macro   0x00030594      0x2dd ./Core/Src/gpio.o
 .debug_macro   0x00030871       0x10 ./Core/Src/gpio.o
 .debug_macro   0x00030881      0x330 ./Core/Src/jetson_protocol.o
 .debug_macro   0x00030bb1      0x3f9 ./Core/Src/jetson_usb_cdc.o
 .debug_macro   0x00030faa       0x1c ./Core/Src/jetson_usb_cdc.o
 .debug_macro   0x00030fc6       0x10 ./Core/Src/jetson_usb_cdc.o
 .debug_macro   0x00030fd6       0x1c ./Core/Src/jetson_usb_cdc.o
 .debug_macro   0x00030ff2       0x16 ./Core/Src/jetson_usb_cdc.o
 .debug_macro   0x00031008      0x146 ./Core/Src/jetson_usb_cdc.o
 .debug_macro   0x0003114e       0x16 ./Core/Src/jetson_usb_cdc.o
 .debug_macro   0x00031164       0x16 ./Core/Src/jetson_usb_cdc.o
 .debug_macro   0x0003117a       0x29 ./Core/Src/jetson_usb_cdc.o
 .debug_macro   0x000311a3       0x65 ./Core/Src/jetson_usb_cdc.o
 .debug_macro   0x00031208      0x20f ./Core/Src/jetson_usb_cdc.o
 .debug_macro   0x00031417       0x95 ./Core/Src/jetson_usb_cdc.o
 .debug_macro   0x000314ac       0x16 ./Core/Src/jetson_usb_cdc.o
 .debug_macro   0x000314c2      0x3b5 ./Core/Src/main.o
 .debug_macro   0x00031877      0x2d3 ./Core/Src/stm32h7xx_hal_msp.o
 .debug_macro   0x00031b4a      0x2dd ./Core/Src/stm32h7xx_it.o
 .debug_macro   0x00031e27      0x2c4 ./Core/Src/system_stm32h7xx.o
 .debug_macro   0x000320eb      0x2dd ./Core/Src/tim.o
 .debug_macro   0x000323c8      0x2ee ./Drivers/STM32H7xx_HAL_Driver/Src/stm32h7xx_hal.o
 .debug_macro   0x000326b6      0x2c4 ./Drivers/STM32H7xx_HAL_Driver/Src/stm32h7xx_hal_cortex.o
 .debug_macro   0x0003297a      0x2cb ./Drivers/STM32H7xx_HAL_Driver/Src/stm32h7xx_hal_gpio.o
 .debug_macro   0x00032c45      0x2d0 ./Drivers/STM32H7xx_HAL_Driver/Src/stm32h7xx_hal_pcd.o
 .debug_macro   0x00032f15      0x2c4 ./Drivers/STM32H7xx_HAL_Driver/Src/stm32h7xx_hal_pcd_ex.o
 .debug_macro   0x000331d9      0x2fd ./Drivers/STM32H7xx_HAL_Driver/Src/stm32h7xx_hal_pwr_ex.o
 .debug_macro   0x000334d6      0x2e8 ./Drivers/STM32H7xx_HAL_Driver/Src/stm32h7xx_hal_rcc.o
 .debug_macro   0x000337be      0x2e2 ./Drivers/STM32H7xx_HAL_Driver/Src/stm32h7xx_hal_rcc_ex.o
 .debug_macro   0x00033aa0      0x2c5 ./Drivers/STM32H7xx_HAL_Driver/Src/stm32h7xx_hal_tim.o
 .debug_macro   0x00033d65      0x2ca ./Drivers/STM32H7xx_HAL_Driver/Src/stm32h7xx_hal_tim_ex.o
 .debug_macro   0x0003402f      0x2c4 ./Drivers/STM32H7xx_HAL_Driver/Src/stm32h7xx_ll_usb.o
 .debug_macro   0x000342f3      0x3ca ./Middlewares/ST/STM32_USB_Device_Library/Class/CDC/Src/usbd_cdc.o
 .debug_macro   0x000346bd       0x16 ./Middlewares/ST/STM32_USB_Device_Library/Class/CDC/Src/usbd_cdc.o
 .debug_macro   0x000346d3       0x9e ./Middlewares/ST/STM32_USB_Device_Library/Class/CDC/Src/usbd_cdc.o
 .debug_macro   0x00034771      0x112 ./Middlewares/ST/STM32_USB_Device_Library/Class/CDC/Src/usbd_cdc.o
 .debug_macro   0x00034883       0x16 ./Middlewares/ST/STM32_USB_Device_Library/Class/CDC/Src/usbd_cdc.o
 .debug_macro   0x00034899      0x3b1 ./Middlewares/ST/STM32_USB_Device_Library/Core/Src/usbd_core.o
 .debug_macro   0x00034c4a      0x215 ./Middlewares/ST/STM32_USB_Device_Library/Core/Src/usbd_core.o
 .debug_macro   0x00034e5f      0x3bb ./Middlewares/ST/STM32_USB_Device_Library/Core/Src/usbd_ctlreq.o
 .debug_macro   0x0003521a      0x3b7 ./Middlewares/ST/STM32_USB_Device_Library/Core/Src/usbd_ioreq.o
 .debug_macro   0x000355d1      0x3de ./USB_DEVICE/App/usb_device.o
 .debug_macro   0x000359af       0x22 ./USB_DEVICE/App/usb_device.o
 .debug_macro   0x000359d1      0x3df ./USB_DEVICE/App/usbd_cdc_if.o
 .debug_macro   0x00035db0       0x10 ./USB_DEVICE/App/usbd_cdc_if.o
 .debug_macro   0x00035dc0      0x3f4 ./USB_DEVICE/App/usbd_desc.o
 .debug_macro   0x000361b4       0x1c ./USB_DEVICE/App/usbd_desc.o
 .debug_macro   0x000361d0      0x3c2 ./USB_DEVICE/Target/usbd_conf.o

.debug_line     0x00000000    0x1df89
 .debug_line    0x00000000      0xa60 ./Core/Src/fk723_hardware_stub.o
 .debug_line    0x00000a60      0xb67 ./Core/Src/fk723_robot_app.o
 .debug_line    0x000015c7      0x916 ./Core/Src/gpio.o
 .debug_line    0x00001edd      0xc1d ./Core/Src/jetson_protocol.o
 .debug_line    0x00002afa      0xb1b ./Core/Src/jetson_usb_cdc.o
 .debug_line    0x00003615      0xbea ./Core/Src/main.o
 .debug_line    0x000041ff      0x905 ./Core/Src/stm32h7xx_hal_msp.o
 .debug_line    0x00004b04      0x9e5 ./Core/Src/stm32h7xx_it.o
 .debug_line    0x000054e9      0xb03 ./Core/Src/system_stm32h7xx.o
 .debug_line    0x00005fec      0x969 ./Core/Src/tim.o
 .debug_line    0x00006955       0x7b ./Core/Startup/startup_stm32h723zgtx.o
 .debug_line    0x000069d0      0xf72 ./Drivers/STM32H7xx_HAL_Driver/Src/stm32h7xx_hal.o
 .debug_line    0x00007942      0xec4 ./Drivers/STM32H7xx_HAL_Driver/Src/stm32h7xx_hal_cortex.o
 .debug_line    0x00008806      0xd63 ./Drivers/STM32H7xx_HAL_Driver/Src/stm32h7xx_hal_gpio.o
 .debug_line    0x00009569     0x164f ./Drivers/STM32H7xx_HAL_Driver/Src/stm32h7xx_hal_pcd.o
 .debug_line    0x0000abb8      0xb0c ./Drivers/STM32H7xx_HAL_Driver/Src/stm32h7xx_hal_pcd_ex.o
 .debug_line    0x0000b6c4      0xfad ./Drivers/STM32H7xx_HAL_Driver/Src/stm32h7xx_hal_pwr_ex.o
 .debug_line    0x0000c671     0x14ec ./Drivers/STM32H7xx_HAL_Driver/Src/stm32h7xx_hal_rcc.o
 .debug_line    0x0000db5d     0x1da0 ./Drivers/STM32H7xx_HAL_Driver/Src/stm32h7xx_hal_rcc_ex.o