../Core/Src/fk723_hardware_stub.c:15:6:Hardware_GetJointPositionRad	16	static
../Core/Src/fk723_hardware_stub.c:20:6:Hardware_GetJointVelocityRadS	16	static
../Core/Src/fk723_hardware_stub.c:25:6:Hardware_GetAccelerationMS2	16	static
../Core/Src/fk723_hardware_stub.c:32:6:Hardware_GetGyroRadS	16	static
../Core/Src/fk723_hardware_stub.c:39:6:Hardware_ImuDataValid	4	static
../Core/Src/fk723_hardware_stub.c:40:6:Hardware_EncodersDataValid	4	static
../Core/Src/fk723_hardware_stub.c:41:6:Hardware_MotorsHaveFault	4	static
../Core/Src/fk723_hardware_stub.c:42:6:Hardware_MotorsAreEnabled	4	static
../Core/Src/fk723_hardware_stub.c:44:6:Hardware_MotorsSetPositionTargets	24	static
../Core/Src/fk723_hardware_stub.c:56:6:Hardware_MotorsDisable	4	static
../Core/Src/fk723_hardware_stub.c:61:10:Hardware_Micros32	8	static
