../Core/Src/jetson_protocol.c:21:17:crc16_ccitt	24	static
../Core/Src/jetson_protocol.c:35:13:reset_rx	4	static
../Core/Src/jetson_protocol.c:41:13:process_complete_frame	104	static
../Core/Src/jetson_protocol.c:65:6:Protocol_Init	8	static
../Core/Src/jetson_protocol.c:75:6:Protocol_RxBytes	40	static
../Core/Src/jetson_protocol.c:112:6:Protocol_GetFreshCommand	48	static,ignoring_inline_asm
../Core/Src/jetson_protocol.c:124:6:Protocol_CommandIsFresh	24	static,ignoring_inline_asm
../Core/Src/jetson_protocol.c:133:10:Protocol_EncodeState	40	static
../Core/Src/jetson_protocol.c:156:10:Protocol_GetCrcErrorCount	4	static
