../Core/Src/jetson_protocol.c:34:17:crc16_ccitt	24	static
../Core/Src/jetson_protocol.c:48:13:reset_rx	4	static
../Core/Src/jetson_protocol.c:54:13:process_complete_frame	104	static
../Core/Src/jetson_protocol.c:97:6:Protocol_Init	8	static
../Core/Src/jetson_protocol.c:118:6:Protocol_RxBytes	40	static
../Core/Src/jetson_protocol.c:155:6:Protocol_GetFreshCommand	48	static,ignoring_inline_asm
../Core/Src/jetson_protocol.c:167:6:Protocol_CommandIsFresh	24	static,ignoring_inline_asm
../Core/Src/jetson_protocol.c:176:10:Protocol_EncodeState	40	static
../Core/Src/jetson_protocol.c:199:10:Protocol_GetCrcErrorCount	4	static
